Copyright 1986-2020 Xilinx, Inc. All Rights Reserved.
------------------------------------------------------------------------------------
| Tool Version : Vivado v.2020.2 (win64) Build 3064766 Wed Nov 18 09:12:45 MST 2020
| Date         : Wed Oct  7 20:42:32 2026
| Host         : null running 64-bit major release  (build 9200)
| Command      : report_timing_summary -file timing_summary_v3.rpt
| Design       : ethernet_tx_pack
| Device       : 7k70t-fbg676
| Speed File   : -2  PRODUCTION 1.12 2017-02-17
------------------------------------------------------------------------------------

Timing Summary Report

------------------------------------------------------------------------------------------------
| Timer Settings
| --------------
------------------------------------------------------------------------------------------------

  Enable Multi Corner Analysis               :  Yes
  Enable Pessimism Removal                   :  Yes
  Pessimism Removal Resolution               :  Nearest Common Node
  Enable Input Delay Default Clock           :  No
  Enable Preset / Clear Arcs                 :  No
  Disable Flight Delays                      :  No
  Ignore I/O Paths                           :  No
  Timing Early Launch at Borrowing Latches   :  No
  Borrow Time for Max Delay Exceptions       :  Yes
  Merge Timing Exceptions                    :  Yes

  Corner  Analyze    Analyze    
  Name    Max Paths  Min Paths  
  ------  ---------  ---------  
  Slow    Yes        Yes        
  Fast    Yes        Yes        



check_timing report

Table of Contents
-----------------
1. checking no_clock (0)
2. checking constant_clock (0)
3. checking pulse_width_clock (0)
4. checking unconstrained_internal_endpoints (0)
5. checking no_input_delay (214)
6. checking no_output_delay (21)
7. checking multiple_clock (0)
8. checking generated_clocks (0)
9. checking loops (0)
10. checking partial_input_delay (0)
11. checking partial_output_delay (0)
12. checking latch_loops (0)

1. checking no_clock (0)
------------------------
 There are 0 register/latch pins with no clock.


2. checking constant_clock (0)
------------------------------
 There are 0 register/latch pins with constant_clock.


3. checking pulse_width_clock (0)
---------------------------------
 There are 0 register/latch pins which need pulse_width check


4. checking unconstrained_internal_endpoints (0)
------------------------------------------------
 There are 0 pins that are not constrained for maximum delay.

 There are 0 pins that are not constrained for maximum delay due to constant clock.


5. checking no_input_delay (214)
--------------------------------
 There are 214 input ports with no input delay specified. (HIGH)

 There are 0 input ports with no input delay but user has a false path constraint.


6. checking no_output_delay (21)
--------------------------------
 There are 21 ports with no output delay specified. (HIGH)

 There are 0 ports with no output delay but user has a false path constraint

 There are 0 ports with no output delay but with a timing clock defined on it or propagating through it


7. checking multiple_clock (0)
------------------------------
 There are 0 register/latch pins with multiple clocks.


8. checking generated_clocks (0)
--------------------------------
 There are 0 generated clocks that are not connected to a clock source.


9. checking loops (0)
---------------------
 There are 0 combinational loops in the design.


10. checking partial_input_delay (0)
------------------------------------
 There are 0 input ports with partial input delay specified.


11. checking partial_output_delay (0)
-------------------------------------
 There are 0 ports with partial output delay specified.


12. checking latch_loops (0)
----------------------------
 There are 0 combinational latch loops in the design through latch input



------------------------------------------------------------------------------------------------
| Design Timing Summary
| ---------------------
------------------------------------------------------------------------------------------------

    WNS(ns)      TNS(ns)  TNS Failing Endpoints  TNS Total Endpoints      WHS(ns)      THS(ns)  THS Failing Endpoints  THS Total Endpoints     WPWS(ns)     TPWS(ns)  TPWS Failing Endpoints  TPWS Total Endpoints  
    -------      -------  ---------------------  -------------------      -------      -------  ---------------------  -------------------     --------     --------  ----------------------  --------------------  
      5.574        0.000                      0                  571       -0.417     -144.710                    536                  571        4.232        0.000                       0                   222  


Timing constraints are not met.


------------------------------------------------------------------------------------------------
| Clock Summary
| -------------
------------------------------------------------------------------------------------------------

Clock  Waveform(ns)       Period(ns)      Frequency(MHz)
-----  ------------       ----------      --------------
clk    {0.000 5.000}      10.000          100.000         


------------------------------------------------------------------------------------------------
| Intra Clock Table
| -----------------
------------------------------------------------------------------------------------------------

Clock             WNS(ns)      TNS(ns)  TNS Failing Endpoints  TNS Total Endpoints      WHS(ns)      THS(ns)  THS Failing Endpoints  THS Total Endpoints     WPWS(ns)     TPWS(ns)  TPWS Failing Endpoints  TPWS Total Endpoints  
-----             -------      -------  ---------------------  -------------------      -------      -------  ---------------------  -------------------     --------     --------  ----------------------  --------------------  
clk                 5.574        0.000                      0                  571       -0.417     -144.710                    536                  571        4.232        0.000                       0                   222  


------------------------------------------------------------------------------------------------
| Inter Clock Table
| -----------------
------------------------------------------------------------------------------------------------

From Clock    To Clock          WNS(ns)      TNS(ns)  TNS Failing Endpoints  TNS Total Endpoints      WHS(ns)      THS(ns)  THS Failing Endpoints  THS Total Endpoints  
----------    --------          -------      -------  ---------------------  -------------------      -------      -------  ---------------------  -------------------  


------------------------------------------------------------------------------------------------
| Other Path Groups Table
| -----------------------
------------------------------------------------------------------------------------------------

Path Group    From Clock    To Clock          WNS(ns)      TNS(ns)  TNS Failing Endpoints  TNS Total Endpoints      WHS(ns)      THS(ns)  THS Failing Endpoints  THS Total Endpoints  
----------    ----------    --------          -------      -------  ---------------------  -------------------      -------      -------  ---------------------  -------------------  


------------------------------------------------------------------------------------------------
| Timing Details
| --------------
------------------------------------------------------------------------------------------------


---------------------------------------------------------------------------------------------------
From Clock:  clk
  To Clock:  clk

Setup :            0  Failing Endpoints,  Worst Slack        5.574ns,  Total Violation        0.000ns
Hold  :          536  Failing Endpoints,  Worst Slack       -0.417ns,  Total Violation     -144.710ns
PW    :            0  Failing Endpoints,  Worst Slack        4.232ns,  Total Violation        0.000ns
---------------------------------------------------------------------------------------------------


Max Delay Paths
--------------------------------------------------------------------------------------
Slack (MET) :             5.574ns  (required time - arrival time)
  Source:                 u_tx_message_fifo/rd_ptr_reg[0]/C
                            (rising edge-triggered cell FDRE clocked by clk  {rise@0.000ns fall@5.000ns period=10.000ns})
  Destination:            r_ip_sum_reg[19]/D
                            (rising edge-triggered cell FDCE clocked by clk  {rise@0.000ns fall@5.000ns period=10.000ns})
  Path Group:             clk
  Path Type:              Setup (Max at Slow Process Corner)
  Requirement:            10.000ns  (clk rise@10.000ns - clk rise@0.000ns)
  Data Path Delay:        3.900ns  (logic 1.511ns (38.744%)  route 2.389ns (61.256%))
  Logic Levels:           9  (CARRY4=5 LUT4=2 LUT6=1 RAMD32=1)
  Clock Path Skew:        -0.027ns (DCD - SCD + CPR)
    Destination Clock Delay (DCD):    0.510ns = ( 10.510 - 10.000 ) 
    Source Clock Delay      (SCD):    0.537ns
    Clock Pessimism Removal (CPR):    0.000ns
  Clock Uncertainty:      0.535ns  ((TSJ^2 + TIJ^2)^1/2 + DJ) / 2 + PE + UU
    Total System Jitter     (TSJ):    0.071ns
    Total Input Jitter      (TIJ):    0.000ns
    Discrete Jitter          (DJ):    0.000ns
    Phase Error              (PE):    0.000ns
    User Uncertainty         (UU):    0.500ns

    Location             Delay type                Incr(ns)  Path(ns)    Netlist Resource(s)
  -------------------------------------------------------------------    -------------------
                         (clock clk rise edge)        0.000     0.000 r  
                                                      0.000     0.000 r  clk (IN)
                         net (fo=221, unset)          0.537     0.537    u_tx_message_fifo/clk
                         FDRE                                         r  u_tx_message_fifo/rd_ptr_reg[0]/C
  -------------------------------------------------------------------    -------------------
                         FDRE (Prop_fdre_C_Q)         0.223     0.760 r  u_tx_message_fifo/rd_ptr_reg[0]/Q
                         net (fo=42, unplaced)        0.605     1.365    u_tx_message_fifo/mem_reg_0_15_18_23/ADDRA0
                         RAMD32 (Prop_ramd32_RADR0_O)
                                                      0.127     1.492 r  u_tx_message_fifo/mem_reg_0_15_18_23/RAMA/O
                         net (fo=3, unplaced)         0.515     2.007    u_tx_message_fifo/p_0_in[2]
                         CARRY4 (Prop_carry4_DI[1]_CO[3])
                                                      0.250     2.257 r  u_tx_message_fifo/dout_data_reg[4]_i_11/CO[3]
                         net (fo=1, unplaced)         0.000     2.257    u_tx_message_fifo/dout_data_reg[4]_i_11_n_0
                         CARRY4 (Prop_carry4_CI_CO[3])
                                                      0.053     2.310 r  u_tx_message_fifo/dout_data_reg[7]_i_10/CO[3]
                         net (fo=1, unplaced)         0.000     2.310    u_tx_message_fifo/dout_data_reg[7]_i_10_n_0
                         CARRY4 (Prop_carry4_CI_O[3])
                                                      0.155     2.465 r  u_tx_message_fifo/dout_data_reg[12]_i_11/O[3]
                         net (fo=2, unplaced)         0.505     2.970    w_ip_total_len[12]
                         LUT6 (Prop_lut6_I1_O)        0.120     3.090 r  r_ip_sum[15]_i_15/O
                         net (fo=1, unplaced)         0.270     3.360    r_ip_sum[15]_i_15_n_0
                         LUT4 (Prop_lut4_I1_O)        0.043     3.403 r  r_ip_sum[15]_i_6/O
                         net (fo=1, unplaced)         0.000     3.403    u_tx_message_fifo/r_ip_sum_reg[15][0]
                         CARRY4 (Prop_carry4_S[0]_CO[3])
                                                      0.259     3.662 r  u_tx_message_fifo/r_ip_sum_reg[15]_i_2/CO[3]
                         net (fo=1, unplaced)         0.000     3.662    u_tx_message_fifo/r_ip_sum_reg[15]_i_2_n_0
                         CARRY4 (Prop_carry4_CI_O[3])
                                                      0.155     3.817 r  u_tx_message_fifo/r_ip_sum_reg[19]_i_5/O[3]
                         net (fo=1, unplaced)         0.494     4.311    r_ip_sum0[19]
                         LUT4 (Prop_lut4_I3_O)        0.126     4.437 r  r_ip_sum[19]_i_2/O
                         net (fo=1, unplaced)         0.000     4.437    r_ip_sum[19]_i_2_n_0
                         FDCE                                         r  r_ip_sum_reg[19]/D
  -------------------------------------------------------------------    -------------------

                         (clock clk rise edge)       10.000    10.000 r  
                                                      0.000    10.000 r  clk (IN)
                         net (fo=221, unset)          0.510    10.510    clk
                         FDCE                                         r  r_ip_sum_reg[19]/C
                         clock pessimism              0.000    10.510    
                         clock uncertainty           -0.535     9.975    
                         FDCE (Setup_fdce_C_D)        0.036    10.011    r_ip_sum_reg[19]
  -------------------------------------------------------------------
                         required time                         10.011    
                         arrival time                          -4.437    
  -------------------------------------------------------------------
                         slack                                  5.574    





Min Delay Paths
--------------------------------------------------------------------------------------
Slack (VIOLATED) :        -0.417ns  (arrival time - required time)
  Source:                 u_tx_data_fifo/wr_ptr_reg[1]/C
                            (rising edge-triggered cell FDRE clocked by clk  {rise@0.000ns fall@5.000ns period=10.000ns})
  Destination:            u_tx_data_fifo/mem_reg_0_15_0_5/RAMA/WADR1
                            (rising edge-triggered cell RAMD32 clocked by clk  {rise@0.000ns fall@5.000ns period=10.000ns})
  Path Group:             clk
  Path Type:              Hold (Min at Fast Process Corner)
  Requirement:            0.000ns  (clk rise@0.000ns - clk rise@0.000ns)
  Data Path Delay:        0.355ns  (logic 0.100ns (28.138%)  route 0.255ns (71.862%))
  Logic Levels:           0  
  Clock Path Skew:        0.014ns (DCD - SCD - CPR)
    Destination Clock Delay (DCD):    0.280ns
    Source Clock Delay      (SCD):    0.266ns
    Clock Pessimism Removal (CPR):    -0.000ns
  Clock Uncertainty:      0.500ns  ((TSJ^2 + TIJ^2)^1/2 + DJ) / 2 + PE + UU
    Total System Jitter     (TSJ):    0.000ns
    Total Input Jitter      (TIJ):    0.000ns
    Discrete Jitter          (DJ):    0.000ns
    Phase Error              (PE):    0.000ns
    User Uncertainty         (UU):    0.500ns

    Location             Delay type                Incr(ns)  Path(ns)    Netlist Resource(s)
  -------------------------------------------------------------------    -------------------
                         (clock clk rise edge)        0.000     0.000 r  
                                                      0.000     0.000 r  clk (IN)
                         net (fo=221, unset)          0.266     0.266    u_tx_data_fifo/clk
                         FDRE                                         r  u_tx_data_fifo/wr_ptr_reg[1]/C
  -------------------------------------------------------------------    -------------------
                         FDRE (Prop_fdre_C_Q)         0.100     0.366 r  u_tx_data_fifo/wr_ptr_reg[1]/Q
                         net (fo=29, unplaced)        0.255     0.622    u_tx_data_fifo/mem_reg_0_15_0_5/ADDRD1
                         RAMD32                                       r  u_tx_data_fifo/mem_reg_0_15_0_5/RAMA/WADR1
  -------------------------------------------------------------------    -------------------

                         (clock clk rise edge)        0.000     0.000 r  
                                                      0.000     0.000 r  clk (IN)
                         net (fo=221, unset)          0.280     0.280    u_tx_data_fifo/mem_reg_0_15_0_5/WCLK
                         RAMD32                                       r  u_tx_data_fifo/mem_reg_0_15_0_5/RAMA/CLK
                         clock pessimism              0.000     0.280    
                         clock uncertainty            0.500     0.780    
                         RAMD32 (Hold_ramd32_CLK_WADR1)
                                                      0.258     1.038    u_tx_data_fifo/mem_reg_0_15_0_5/RAMA
  -------------------------------------------------------------------
                         required time                         -1.038    
                         arrival time                           0.622    
  -------------------------------------------------------------------
                         slack                                 -0.417    





Pulse Width Checks
--------------------------------------------------------------------------------------
Clock Name:         clk
Waveform(ns):       { 0.000 5.000 }
Period(ns):         10.000
Sources:            { clk }

Check Type        Corner  Lib Pin     Reference Pin  Required(ns)  Actual(ns)  Slack(ns)  Location  Pin
Min Period        n/a     FDCE/C      n/a            0.700         10.000      9.300                dout_data_reg[11]/C
Low Pulse Width   Slow    RAMD32/CLK  n/a            0.768         5.000       4.232                u_tx_data_fifo/mem_reg_0_15_0_5/RAMA_D1/CLK
High Pulse Width  Slow    RAMD32/CLK  n/a            0.768         5.000       4.232                u_tx_data_fifo/mem_reg_0_15_0_5/RAMA_D1/CLK



