Copyright 1986-2020 Xilinx, Inc. All Rights Reserved.
------------------------------------------------------------------------------------------------------------------------------------------------------------------------------
| Tool Version : Vivado v.2020.2 (win64) Build 3064766 Wed Nov 18 09:12:45 MST 2020
| Date         : Wed Oct  7 20:42:04 2026
| Host         : null running 64-bit major release  (build 9200)
| Command      : report_timing -from [get_cells -hier -filter {NAME =~ *ip_sum* || NAME =~ *udp_sum* || NAME =~ *u_tx_message_fifo*}] -max_paths 10 -file timing_checksum.rpt
| Design       : ethernet_tx_pack
| Device       : 7k70t-fbg676
| Speed File   : -2  PRODUCTION 1.12 2017-02-17
------------------------------------------------------------------------------------------------------------------------------------------------------------------------------

Timing Report

Slack (MET) :             1.642ns  (required time - arrival time)
  Source:                 u_tx_message_fifo/rd_ptr_reg[0]/C
                            (rising edge-triggered cell FDRE clocked by clk  {rise@0.000ns fall@5.000ns period=10.000ns})
  Destination:            dout_data_reg[0]/D
                            (rising edge-triggered cell FDCE clocked by clk  {rise@0.000ns fall@5.000ns period=10.000ns})
  Path Group:             clk
  Path Type:              Setup (Max at Slow Process Corner)
  Requirement:            10.000ns  (clk rise@10.000ns - clk rise@0.000ns)
  Data Path Delay:        7.832ns  (logic 2.912ns (37.181%)  route 4.920ns (62.819%))
  Logic Levels:           20  (CARRY4=12 LUT2=2 LUT3=1 LUT4=1 LUT5=1 LUT6=2 RAMD32=1)
  Clock Path Skew:        -0.027ns (DCD - SCD + CPR)
    Destination Clock Delay (DCD):    0.510ns = ( 10.510 - 10.000 ) 
    Source Clock Delay      (SCD):    0.537ns
    Clock Pessimism Removal (CPR):    0.000ns
  Clock Uncertainty:      0.535ns  ((TSJ^2 + TIJ^2)^1/2 + DJ) / 2 + PE + UU
    Total System Jitter     (TSJ):    0.071ns
    Total Input Jitter      (TIJ):    0.000ns
    Discrete Jitter          (DJ):    0.000ns
    Phase Error              (PE):    0.000ns
    User Uncertainty         (UU):    0.500ns

    Location             Delay type                Incr(ns)  Path(ns)    Netlist Resource(s)
  -------------------------------------------------------------------    -------------------
                         (clock clk rise edge)        0.000     0.000 r  
                                                      0.000     0.000 r  clk (IN)
                         net (fo=181, unset)          0.537     0.537    u_tx_message_fifo/clk
                         FDRE                                         r  u_tx_message_fifo/rd_ptr_reg[0]/C
  -------------------------------------------------------------------    -------------------
                         FDRE (Prop_fdre_C_Q)         0.223     0.760 r  u_tx_message_fifo/rd_ptr_reg[0]/Q
                         net (fo=42, unplaced)        0.605     1.365    u_tx_message_fifo/mem_reg_0_15_18_23/ADDRA0
                         RAMD32 (Prop_ramd32_RADR0_O)
                                                      0.123     1.488 r  u_tx_message_fifo/mem_reg_0_15_18_23/RAMA_D1/O
                         net (fo=4, unplaced)         0.521     2.009    u_tx_message_fifo/p_0_in[3]
                         CARRY4 (Prop_carry4_DI[1]_CO[3])
                                                      0.250     2.259 r  u_tx_message_fifo/dout_data_reg[5]_i_9/CO[3]
                         net (fo=1, unplaced)         0.000     2.259    u_tx_message_fifo/dout_data_reg[5]_i_9_n_0
                         CARRY4 (Prop_carry4_CI_O[2])
                                                      0.119     2.378 r  u_tx_message_fifo/dout_data_reg[11]_i_15/O[2]
                         net (fo=6, unplaced)         0.302     2.680    data32[8]
                         LUT3 (Prop_lut3_I1_O)        0.127     2.807 r  dout_data[11]_i_65/O
                         net (fo=1, unplaced)         0.497     3.304    u_tx_message_fifo/dout_data[11]_i_28[1]
                         CARRY4 (Prop_carry4_DI[1]_CO[3])
                                                      0.250     3.554 r  u_tx_message_fifo/dout_data_reg[11]_i_38/CO[3]
                         net (fo=1, unplaced)         0.000     3.554    u_tx_message_fifo/dout_data_reg[11]_i_38_n_0
                         CARRY4 (Prop_carry4_CI_O[3])
                                                      0.155     3.709 r  u_tx_message_fifo/dout_data_reg[15]_i_81/O[3]
                         net (fo=4, unplaced)         0.470     4.179    u_tx_message_fifo_n_95
                         LUT6 (Prop_lut6_I0_O)        0.120     4.299 r  dout_data[15]_i_99/O
                         net (fo=2, unplaced)         0.508     4.807    u_tx_message_fifo/dout_data[15]_i_44_1[1]
                         CARRY4 (Prop_carry4_DI[1]_CO[3])
                                                      0.250     5.057 r  u_tx_message_fifo/dout_data_reg[15]_i_64/CO[3]
                         net (fo=1, unplaced)         0.628     5.685    u_tx_message_fifo/dout_data_reg[15]_i_64_n_0
                         LUT2 (Prop_lut2_I1_O)        0.043     5.728 r  u_tx_message_fifo/dout_data[15]_i_41/O
                         net (fo=1, unplaced)         0.000     5.728    u_tx_message_fifo/dout_data[15]_i_41_n_0
                         CARRY4 (Prop_carry4_S[3]_CO[3])
                                                      0.193     5.921 r  u_tx_message_fifo/dout_data_reg[15]_i_33/CO[3]
                         net (fo=1, unplaced)         0.000     5.921    u_tx_message_fifo/dout_data_reg[15]_i_33_n_0
                         CARRY4 (Prop_carry4_CI_CO[3])
                                                      0.053     5.974 r  u_tx_message_fifo/dout_data_reg[15]_i_35/CO[3]
                         net (fo=1, unplaced)         0.000     5.974    u_tx_message_fifo/dout_data_reg[15]_i_35_n_0
                         CARRY4 (Prop_carry4_CI_CO[3])
                                                      0.053     6.027 r  u_tx_message_fifo/dout_data_reg[11]_i_17/CO[3]
                         net (fo=1, unplaced)         0.000     6.027    u_tx_message_fifo/dout_data_reg[11]_i_17_n_0
                         CARRY4 (Prop_carry4_CI_CO[3])
                                                      0.053     6.080 r  u_tx_message_fifo/dout_data_reg[15]_i_32/CO[3]
                         net (fo=1, unplaced)         0.000     6.080    u_tx_message_fifo/dout_data_reg[15]_i_32_n_0
                         CARRY4 (Prop_carry4_CI_CO[0])
                                                      0.152     6.232 r  u_tx_message_fifo/dout_data_reg[15]_i_45/CO[0]
                         net (fo=1, unplaced)         0.191     6.423    u_tx_message_fifo_n_117
                         LUT2 (Prop_lut2_I1_O)        0.128     6.551 r  dout_data[15]_i_34/O
                         net (fo=1, unplaced)         0.000     6.551    dout_data[15]_i_34_n_0
                         CARRY4 (Prop_carry4_S[0]_CO[3])
                                                      0.259     6.810 r  dout_data_reg[15]_i_19/CO[3]
                         net (fo=1, unplaced)         0.000     6.810    dout_data_reg[15]_i_19_n_0
                         CARRY4 (Prop_carry4_CI_O[3])
                                                      0.155     6.965 r  dout_data_reg[15]_i_20/O[3]
                         net (fo=2, unplaced)         0.457     7.422    w_udp_sum_f2[7]
                         LUT4 (Prop_lut4_I0_O)        0.120     7.542 r  dout_data[15]_i_11/O
                         net (fo=2, unplaced)         0.418     7.960    dout_data[15]_i_11_n_0
                         LUT5 (Prop_lut5_I4_O)        0.043     8.003 r  dout_data[15]_i_3/O
                         net (fo=15, unplaced)        0.323     8.326    u_tx_message_fifo/dout_data_reg[1]_3
                         LUT6 (Prop_lut6_I1_O)        0.043     8.369 r  u_tx_message_fifo/dout_data[0]_i_1/O
                         net (fo=1, unplaced)         0.000     8.369    p_0_out[0]
                         FDCE                                         r  dout_data_reg[0]/D
  -------------------------------------------------------------------    -------------------

                         (clock clk rise edge)       10.000    10.000 r  
                                                      0.000    10.000 r  clk (IN)
                         net (fo=181, unset)          0.510    10.510    clk
                         FDCE                                         r  dout_data_reg[0]/C
                         clock pessimism              0.000    10.510    
                         clock uncertainty           -0.535     9.975    
                         FDCE (Setup_fdce_C_D)        0.036    10.011    dout_data_reg[0]
  -------------------------------------------------------------------
                         required time                         10.011    
                         arrival time                          -8.369    
  -------------------------------------------------------------------
                         slack                                  1.642    

Slack (MET) :             1.642ns  (required time - arrival time)
  Source:                 u_tx_message_fifo/rd_ptr_reg[0]/C
                            (rising edge-triggered cell FDRE clocked by clk  {rise@0.000ns fall@5.000ns period=10.000ns})
  Destination:            dout_data_reg[10]/D
                            (rising edge-triggered cell FDCE clocked by clk  {rise@0.000ns fall@5.000ns period=10.000ns})
  Path Group:             clk
  Path Type:              Setup (Max at Slow Process Corner)
  Requirement:            10.000ns  (clk rise@10.000ns - clk rise@0.000ns)
  Data Path Delay:        7.832ns  (logic 2.912ns (37.181%)  route 4.920ns (62.819%))
  Logic Levels:           20  (CARRY4=12 LUT2=2 LUT3=1 LUT4=1 LUT5=1 LUT6=2 RAMD32=1)
  Clock Path Skew:        -0.027ns (DCD - SCD + CPR)
    Destination Clock Delay (DCD):    0.510ns = ( 10.510 - 10.000 ) 
    Source Clock Delay      (SCD):    0.537ns
    Clock Pessimism Removal (CPR):    0.000ns
  Clock Uncertainty:      0.535ns  ((TSJ^2 + TIJ^2)^1/2 + DJ) / 2 + PE + UU
    Total System Jitter     (TSJ):    0.071ns
    Total Input Jitter      (TIJ):    0.000ns
    Discrete Jitter          (DJ):    0.000ns
    Phase Error              (PE):    0.000ns
    User Uncertainty         (UU):    0.500ns

    Location             Delay type                Incr(ns)  Path(ns)    Netlist Resource(s)
  -------------------------------------------------------------------    -------------------
                         (clock clk rise edge)        0.000     0.000 r  
                                                      0.000     0.000 r  clk (IN)
                         net (fo=181, unset)          0.537     0.537    u_tx_message_fifo/clk
                         FDRE                                         r  u_tx_message_fifo/rd_ptr_reg[0]/C
  -------------------------------------------------------------------    -------------------
                         FDRE (Prop_fdre_C_Q)         0.223     0.760 r  u_tx_message_fifo/rd_ptr_reg[0]/Q
                         net (fo=42, unplaced)        0.605     1.365    u_tx_message_fifo/mem_reg_0_15_18_23/ADDRA0
                         RAMD32 (Prop_ramd32_RADR0_O)
                                                      0.123     1.488 r  u_tx_message_fifo/mem_reg_0_15_18_23/RAMA_D1/O
                         net (fo=4, unplaced)         0.521     2.009    u_tx_message_fifo/p_0_in[3]
                         CARRY4 (Prop_carry4_DI[1]_CO[3])
                                                      0.250     2.259 r  u_tx_message_fifo/dout_data_reg[5]_i_9/CO[3]
                         net (fo=1, unplaced)         0.000     2.259    u_tx_message_fifo/dout_data_reg[5]_i_9_n_0
                         CARRY4 (Prop_carry4_CI_O[2])
                                                      0.119     2.378 r  u_tx_message_fifo/dout_data_reg[11]_i_15/O[2]
                         net (fo=6, unplaced)         0.302     2.680    data32[8]
                         LUT3 (Prop_lut3_I1_O)        0.127     2.807 r  dout_data[11]_i_65/O
                         net (fo=1, unplaced)         0.497     3.304    u_tx_message_fifo/dout_data[11]_i_28[1]
                         CARRY4 (Prop_carry4_DI[1]_CO[3])
                                                      0.250     3.554 r  u_tx_message_fifo/dout_data_reg[11]_i_38/CO[3]
                         net (fo=1, unplaced)         0.000     3.554    u_tx_message_fifo/dout_data_reg[11]_i_38_n_0
                         CARRY4 (Prop_carry4_CI_O[3])
                                                      0.155     3.709 r  u_tx_message_fifo/dout_data_reg[15]_i_81/O[3]
                         net (fo=4, unplaced)         0.470     4.179    u_tx_message_fifo_n_95
                         LUT6 (Prop_lut6_I0_O)        0.120     4.299 r  dout_data[15]_i_99/O
                         net (fo=2, unplaced)         0.508     4.807    u_tx_message_fifo/dout_data[15]_i_44_1[1]
                         CARRY4 (Prop_carry4_DI[1]_CO[3])
                                                      0.250     5.057 r  u_tx_message_fifo/dout_data_reg[15]_i_64/CO[3]
                         net (fo=1, unplaced)         0.628     5.685    u_tx_message_fifo/dout_data_reg[15]_i_64_n_0
                         LUT2 (Prop_lut2_I1_O)        0.043     5.728 r  u_tx_message_fifo/dout_data[15]_i_41/O
                         net (fo=1, unplaced)         0.000     5.728    u_tx_message_fifo/dout_data[15]_i_41_n_0
                         CARRY4 (Prop_carry4_S[3]_CO[3])
                                                      0.193     5.921 r  u_tx_message_fifo/dout_data_reg[15]_i_33/CO[3]
                         net (fo=1, unplaced)         0.000     5.921    u_tx_message_fifo/dout_data_reg[15]_i_33_n_0
                         CARRY4 (Prop_carry4_CI_CO[3])
                                                      0.053     5.974 r  u_tx_message_fifo/dout_data_reg[15]_i_35/CO[3]
                         net (fo=1, unplaced)         0.000     5.974    u_tx_message_fifo/dout_data_reg[15]_i_35_n_0
                         CARRY4 (Prop_carry4_CI_CO[3])
                                                      0.053     6.027 r  u_tx_message_fifo/dout_data_reg[11]_i_17/CO[3]
                         net (fo=1, unplaced)         0.000     6.027    u_tx_message_fifo/dout_data_reg[11]_i_17_n_0
                         CARRY4 (Prop_carry4_CI_CO[3])
                                                      0.053     6.080 r  u_tx_message_fifo/dout_data_reg[15]_i_32/CO[3]
                         net (fo=1, unplaced)         0.000     6.080    u_tx_message_fifo/dout_data_reg[15]_i_32_n_0
                         CARRY4 (Prop_carry4_CI_CO[0])
                                                      0.152     6.232 r  u_tx_message_fifo/dout_data_reg[15]_i_45/CO[0]
                         net (fo=1, unplaced)         0.191     6.423    u_tx_message_fifo_n_117
                         LUT2 (Prop_lut2_I1_O)        0.128     6.551 r  dout_data[15]_i_34/O
                         net (fo=1, unplaced)         0.000     6.551    dout_data[15]_i_34_n_0
                         CARRY4 (Prop_carry4_S[0]_CO[3])
                                                      0.259     6.810 r  dout_data_reg[15]_i_19/CO[3]
                         net (fo=1, unplaced)         0.000     6.810    dout_data_reg[15]_i_19_n_0
                         CARRY4 (Prop_carry4_CI_O[3])
                                                      0.155     6.965 r  dout_data_reg[15]_i_20/O[3]
                         net (fo=2, unplaced)         0.457     7.422    w_udp_sum_f2[7]
                         LUT4 (Prop_lut4_I0_O)        0.120     7.542 r  dout_data[15]_i_11/O
                         net (fo=2, unplaced)         0.418     7.960    dout_data[15]_i_11_n_0
                         LUT5 (Prop_lut5_I4_O)        0.043     8.003 r  dout_data[15]_i_3/O
                         net (fo=15, unplaced)        0.323     8.326    u_tx_data_fifo/dout_data_reg[15]
                         LUT6 (Prop_lut6_I1_O)        0.043     8.369 r  u_tx_data_fifo/dout_data[10]_i_1/O
                         net (fo=1, unplaced)         0.000     8.369    p_0_out[10]
                         FDCE                                         r  dout_data_reg[10]/D
  -------------------------------------------------------------------    -------------------

                         (clock clk rise edge)       10.000    10.000 r  
                                                      0.000    10.000 r  clk (IN)
                         net (fo=181, unset)          0.510    10.510    clk
                         FDCE                                         r  dout_data_reg[10]/C
                         clock pessimism              0.000    10.510    
                         clock uncertainty           -0.535     9.975    
                         FDCE (Setup_fdce_C_D)        0.036    10.011    dout_data_reg[10]
  -------------------------------------------------------------------
                         required time                         10.011    
                         arrival time                          -8.369    
  -------------------------------------------------------------------
                         slack                                  1.642    

Slack (MET) :             1.642ns  (required time - arrival time)
  Source:                 u_tx_message_fifo/rd_ptr_reg[0]/C
                            (rising edge-triggered cell FDRE clocked by clk  {rise@0.000ns fall@5.000ns period=10.000ns})
  Destination:            dout_data_reg[1]/D
                            (rising edge-triggered cell FDCE clocked by clk  {rise@0.000ns fall@5.000ns period=10.000ns})
  Path Group:             clk
  Path Type:              Setup (Max at Slow Process Corner)
  Requirement:            10.000ns  (clk rise@10.000ns - clk rise@0.000ns)
  Data Path Delay:        7.832ns  (logic 2.912ns (37.181%)  route 4.920ns (62.819%))
  Logic Levels:           20  (CARRY4=12 LUT2=2 LUT3=1 LUT4=1 LUT5=1 LUT6=2 RAMD32=1)
  Clock Path Skew:        -0.027ns (DCD - SCD + CPR)
    Destination Clock Delay (DCD):    0.510ns = ( 10.510 - 10.000 ) 
    Source Clock Delay      (SCD):    0.537ns
    Clock Pessimism Removal (CPR):    0.000ns
  Clock Uncertainty:      0.535ns  ((TSJ^2 + TIJ^2)^1/2 + DJ) / 2 + PE + UU
    Total System Jitter     (TSJ):    0.071ns
    Total Input Jitter      (TIJ):    0.000ns
    Discrete Jitter          (DJ):    0.000ns
    Phase Error              (PE):    0.000ns
    User Uncertainty         (UU):    0.500ns

    Location             Delay type                Incr(ns)  Path(ns)    Netlist Resource(s)
  -------------------------------------------------------------------    -------------------
                         (clock clk rise edge)        0.000     0.000 r  
                                                      0.000     0.000 r  clk (IN)
                         net (fo=181, unset)          0.537     0.537    u_tx_message_fifo/clk
                         FDRE                                         r  u_tx_message_fifo/rd_ptr_reg[0]/C
  -------------------------------------------------------------------    -------------------
                         FDRE (Prop_fdre_C_Q)         0.223     0.760 r  u_tx_message_fifo/rd_ptr_reg[0]/Q
                         net (fo=42, unplaced)        0.605     1.365    u_tx_message_fifo/mem_reg_0_15_18_23/ADDRA0
                         RAMD32 (Prop_ramd32_RADR0_O)
                                                      0.123     1.488 r  u_tx_message_fifo/mem_reg_0_15_18_23/RAMA_D1/O
                         net (fo=4, unplaced)         0.521     2.009    u_tx_message_fifo/p_0_in[3]
                         CARRY4 (Prop_carry4_DI[1]_CO[3])
                                                      0.250     2.259 r  u_tx_message_fifo/dout_data_reg[5]_i_9/CO[3]
                         net (fo=1, unplaced)         0.000     2.259    u_tx_message_fifo/dout_data_reg[5]_i_9_n_0
                         CARRY4 (Prop_carry4_CI_O[2])
                                                      0.119     2.378 r  u_tx_message_fifo/dout_data_reg[11]_i_15/O[2]
                         net (fo=6, unplaced)         0.302     2.680    data32[8]
                         LUT3 (Prop_lut3_I1_O)        0.127     2.807 r  dout_data[11]_i_65/O
                         net (fo=1, unplaced)         0.497     3.304    u_tx_message_fifo/dout_data[11]_i_28[1]
                         CARRY4 (Prop_carry4_DI[1]_CO[3])
                                                      0.250     3.554 r  u_tx_message_fifo/dout_data_reg[11]_i_38/CO[3]
                         net (fo=1, unplaced)         0.000     3.554    u_tx_message_fifo/dout_data_reg[11]_i_38_n_0
                         CARRY4 (Prop_carry4_CI_O[3])
                                                      0.155     3.709 r  u_tx_message_fifo/dout_data_reg[15]_i_81/O[3]
                         net (fo=4, unplaced)         0.470     4.179    u_tx_message_fifo_n_95
                         LUT6 (Prop_lut6_I0_O)        0.120     4.299 r  dout_data[15]_i_99/O
                         net (fo=2, unplaced)         0.508     4.807    u_tx_message_fifo/dout_data[15]_i_44_1[1]
                         CARRY4 (Prop_carry4_DI[1]_CO[3])
                                                      0.250     5.057 r  u_tx_message_fifo/dout_data_reg[15]_i_64/CO[3]
                         net (fo=1, unplaced)         0.628     5.685    u_tx_message_fifo/dout_data_reg[15]_i_64_n_0
                         LUT2 (Prop_lut2_I1_O)        0.043     5.728 r  u_tx_message_fifo/dout_data[15]_i_41/O
                         net (fo=1, unplaced)         0.000     5.728    u_tx_message_fifo/dout_data[15]_i_41_n_0
                         CARRY4 (Prop_carry4_S[3]_CO[3])
                                                      0.193     5.921 r  u_tx_message_fifo/dout_data_reg[15]_i_33/CO[3]
                         net (fo=1, unplaced)         0.000     5.921    u_tx_message_fifo/dout_data_reg[15]_i_33_n_0
                         CARRY4 (Prop_carry4_CI_CO[3])
                                                      0.053     5.974 r  u_tx_message_fifo/dout_data_reg[15]_i_35/CO[3]
                         net (fo=1, unplaced)         0.000     5.974    u_tx_message_fifo/dout_data_reg[15]_i_35_n_0
                         CARRY4 (Prop_carry4_CI_CO[3])
                                                      0.053     6.027 r  u_tx_message_fifo/dout_data_reg[11]_i_17/CO[3]
                         net (fo=1, unplaced)         0.000     6.027    u_tx_message_fifo/dout_data_reg[11]_i_17_n_0
                         CARRY4 (Prop_carry4_CI_CO[3])
                                                      0.053     6.080 r  u_tx_message_fifo/dout_data_reg[15]_i_32/CO[3]
                         net (fo=1, unplaced)         0.000     6.080    u_tx_message_fifo/dout_data_reg[15]_i_32_n_0
                         CARRY4 (Prop_carry4_CI_CO[0])
                                                      0.152     6.232 r  u_tx_message_fifo/dout_data_reg[15]_i_45/CO[0]
                         net (fo=1, unplaced)         0.191     6.423    u_tx_message_fifo_n_117
                         LUT2 (Prop_lut2_I1_O)        0.128     6.551 r  dout_data[15]_i_34/O
                         net (fo=1, unplaced)         0.000     6.551    dout_data[15]_i_34_n_0
                         CARRY4 (Prop_carry4_S[0]_CO[3])
                                                      0.259     6.810 r  dout_data_reg[15]_i_19/CO[3]
                         net (fo=1, unplaced)         0.000     6.810    dout_data_reg[15]_i_19_n_0
                         CARRY4 (Prop_carry4_CI_O[3])
                                                      0.155     6.965 r  dout_data_reg[15]_i_20/O[3]
                         net (fo=2, unplaced)         0.457     7.422    w_udp_sum_f2[7]
                         LUT4 (Prop_lut4_I0_O)        0.120     7.542 r  dout_data[15]_i_11/O
                         net (fo=2, unplaced)         0.418     7.960    dout_data[15]_i_11_n_0
                         LUT5 (Prop_lut5_I4_O)        0.043     8.003 r  dout_data[15]_i_3/O
                         net (fo=15, unplaced)        0.323     8.326    u_tx_message_fifo/dout_data_reg[1]_3
                         LUT6 (Prop_lut6_I1_O)        0.043     8.369 r  u_tx_message_fifo/dout_data[1]_i_1/O
                         net (fo=1, unplaced)         0.000     8.369    p_0_out[1]
                         FDCE                                         r  dout_data_reg[1]/D
  -------------------------------------------------------------------    -------------------

                         (clock clk rise edge)       10.000    10.000 r  
                                                      0.000    10.000 r  clk (IN)
                         net (fo=181, unset)          0.510    10.510    clk
                         FDCE                                         r  dout_data_reg[1]/C
                         clock pessimism              0.000    10.510    
                         clock uncertainty           -0.535     9.975    
                         FDCE (Setup_fdce_C_D)        0.036    10.011    dout_data_reg[1]
  -------------------------------------------------------------------
                         required time                         10.011    
                         arrival time                          -8.369    
  -------------------------------------------------------------------
                         slack                                  1.642    

Slack (MET) :             1.642ns  (required time - arrival time)
  Source:                 u_tx_message_fifo/rd_ptr_reg[0]/C
                            (rising edge-triggered cell FDRE clocked by clk  {rise@0.000ns fall@5.000ns period=10.000ns})
  Destination:            dout_data_reg[2]/D
                            (rising edge-triggered cell FDCE clocked by clk  {rise@0.000ns fall@5.000ns period=10.000ns})
  Path Group:             clk
  Path Type:              Setup (Max at Slow Process Corner)
  Requirement:            10.000ns  (clk rise@10.000ns - clk rise@0.000ns)
  Data Path Delay:        7.832ns  (logic 2.912ns (37.181%)  route 4.920ns (62.819%))
  Logic Levels:           20  (CARRY4=12 LUT2=2 LUT3=1 LUT4=1 LUT5=1 LUT6=2 RAMD32=1)
  Clock Path Skew:        -0.027ns (DCD - SCD + CPR)
    Destination Clock Delay (DCD):    0.510ns = ( 10.510 - 10.000 ) 
    Source Clock Delay      (SCD):    0.537ns
    Clock Pessimism Removal (CPR):    0.000ns
  Clock Uncertainty:      0.535ns  ((TSJ^2 + TIJ^2)^1/2 + DJ) / 2 + PE + UU
    Total System Jitter     (TSJ):    0.071ns
    Total Input Jitter      (TIJ):    0.000ns
    Discrete Jitter          (DJ):    0.000ns
    Phase Error              (PE):    0.000ns
    User Uncertainty         (UU):    0.500ns

    Location             Delay type                Incr(ns)  Path(ns)    Netlist Resource(s)
  -------------------------------------------------------------------    -------------------
                         (clock clk rise edge)        0.000     0.000 r  
                                                      0.000     0.000 r  clk (IN)
                         net (fo=181, unset)          0.537     0.537    u_tx_message_fifo/clk
                         FDRE                                         r  u_tx_message_fifo/rd_ptr_reg[0]/C
  -------------------------------------------------------------------    -------------------
                         FDRE (Prop_fdre_C_Q)         0.223     0.760 r  u_tx_message_fifo/rd_ptr_reg[0]/Q
                         net (fo=42, unplaced)        0.605     1.365    u_tx_message_fifo/mem_reg_0_15_18_23/ADDRA0
                         RAMD32 (Prop_ramd32_RADR0_O)
                                                      0.123     1.488 r  u_tx_message_fifo/mem_reg_0_15_18_23/RAMA_D1/O
                         net (fo=4, unplaced)         0.521     2.009    u_tx_message_fifo/p_0_in[3]
                         CARRY4 (Prop_carry4_DI[1]_CO[3])
                                                      0.250     2.259 r  u_tx_message_fifo/dout_data_reg[5]_i_9/CO[3]
                         net (fo=1, unplaced)         0.000     2.259    u_tx_message_fifo/dout_data_reg[5]_i_9_n_0
                         CARRY4 (Prop_carry4_CI_O[2])
                                                      0.119     2.378 r  u_tx_message_fifo/dout_data_reg[11]_i_15/O[2]
                         net (fo=6, unplaced)         0.302     2.680    data32[8]
                         LUT3 (Prop_lut3_I1_O)        0.127     2.807 r  dout_data[11]_i_65/O
                         net (fo=1, unplaced)         0.497     3.304    u_tx_message_fifo/dout_data[11]_i_28[1]
                         CARRY4 (Prop_carry4_DI[1]_CO[3])
                                                      0.250     3.554 r  u_tx_message_fifo/dout_data_reg[11]_i_38/CO[3]
                         net (fo=1, unplaced)         0.000     3.554    u_tx_message_fifo/dout_data_reg[11]_i_38_n_0
                         CARRY4 (Prop_carry4_CI_O[3])
                                                      0.155     3.709 r  u_tx_message_fifo/dout_data_reg[15]_i_81/O[3]
                         net (fo=4, unplaced)         0.470     4.179    u_tx_message_fifo_n_95
                         LUT6 (Prop_lut6_I0_O)        0.120     4.299 r  dout_data[15]_i_99/O
                         net (fo=2, unplaced)         0.508     4.807    u_tx_message_fifo/dout_data[15]_i_44_1[1]
                         CARRY4 (Prop_carry4_DI[1]_CO[3])
                                                      0.250     5.057 r  u_tx_message_fifo/dout_data_reg[15]_i_64/CO[3]
                         net (fo=1, unplaced)         0.628     5.685    u_tx_message_fifo/dout_data_reg[15]_i_64_n_0
                         LUT2 (Prop_lut2_I1_O)        0.043     5.728 r  u_tx_message_fifo/dout_data[15]_i_41/O
                         net (fo=1, unplaced)         0.000     5.728    u_tx_message_fifo/dout_data[15]_i_41_n_0
                         CARRY4 (Prop_carry4_S[3]_CO[3])
                                                      0.193     5.921 r  u_tx_message_fifo/dout_data_reg[15]_i_33/CO[3]
                         net (fo=1, unplaced)         0.000     5.921    u_tx_message_fifo/dout_data_reg[15]_i_33_n_0
                         CARRY4 (Prop_carry4_CI_CO[3])
                                                      0.053     5.974 r  u_tx_message_fifo/dout_data_reg[15]_i_35/CO[3]
                         net (fo=1, unplaced)         0.000     5.974    u_tx_message_fifo/dout_data_reg[15]_i_35_n_0
                         CARRY4 (Prop_carry4_CI_CO[3])
                                                      0.053     6.027 r  u_tx_message_fifo/dout_data_reg[11]_i_17/CO[3]
                         net (fo=1, unplaced)         0.000     6.027    u_tx_message_fifo/dout_data_reg[11]_i_17_n_0
                         CARRY4 (Prop_carry4_CI_CO[3])
                                                      0.053     6.080 r  u_tx_message_fifo/dout_data_reg[15]_i_32/CO[3]
                         net (fo=1, unplaced)         0.000     6.080    u_tx_message_fifo/dout_data_reg[15]_i_32_n_0
                         CARRY4 (Prop_carry4_CI_CO[0])
                                                      0.152     6.232 r  u_tx_message_fifo/dout_data_reg[15]_i_45/CO[0]
                         net (fo=1, unplaced)         0.191     6.423    u_tx_message_fifo_n_117
                         LUT2 (Prop_lut2_I1_O)        0.128     6.551 r  dout_data[15]_i_34/O
                         net (fo=1, unplaced)         0.000     6.551    dout_data[15]_i_34_n_0
                         CARRY4 (Prop_carry4_S[0]_CO[3])
                                                      0.259     6.810 r  dout_data_reg[15]_i_19/CO[3]
                         net (fo=1, unplaced)         0.000     6.810    dout_data_reg[15]_i_19_n_0
                         CARRY4 (Prop_carry4_CI_O[3])
                                                      0.155     6.965 r  dout_data_reg[15]_i_20/O[3]
                         net (fo=2, unplaced)         0.457     7.422    w_udp_sum_f2[7]
                         LUT4 (Prop_lut4_I0_O)        0.120     7.542 r  dout_data[15]_i_11/O
                         net (fo=2, unplaced)         0.418     7.960    dout_data[15]_i_11_n_0
                         LUT5 (Prop_lut5_I4_O)        0.043     8.003 r  dout_data[15]_i_3/O
                         net (fo=15, unplaced)        0.323     8.326    u_tx_data_fifo/dout_data_reg[15]
                         LUT6 (Prop_lut6_I1_O)        0.043     8.369 r  u_tx_data_fifo/dout_data[2]_i_1/O
                         net (fo=1, unplaced)         0.000     8.369    p_0_out[2]
                         FDCE                                         r  dout_data_reg[2]/D
  -------------------------------------------------------------------    -------------------

                         (clock clk rise edge)       10.000    10.000 r  
                                                      0.000    10.000 r  clk (IN)
                         net (fo=181, unset)          0.510    10.510    clk
                         FDCE                                         r  dout_data_reg[2]/C
                         clock pessimism              0.000    10.510    
                         clock uncertainty           -0.535     9.975    
                         FDCE (Setup_fdce_C_D)        0.036    10.011    dout_data_reg[2]
  -------------------------------------------------------------------
                         required time                         10.011    
                         arrival time                          -8.369    
  -------------------------------------------------------------------
                         slack                                  1.642    

Slack (MET) :             1.642ns  (required time - arrival time)
  Source:                 u_tx_message_fifo/rd_ptr_reg[0]/C
                            (rising edge-triggered cell FDRE clocked by clk  {rise@0.000ns fall@5.000ns period=10.000ns})
  Destination:            dout_data_reg[3]/D
                            (rising edge-triggered cell FDCE clocked by clk  {rise@0.000ns fall@5.000ns period=10.000ns})
  Path Group:             clk
  Path Type:              Setup (Max at Slow Process Corner)
  Requirement:            10.000ns  (clk rise@10.000ns - clk rise@0.000ns)
  Data Path Delay:        7.832ns  (logic 2.912ns (37.181%)  route 4.920ns (62.819%))
  Logic Levels:           20  (CARRY4=12 LUT2=2 LUT3=1 LUT4=1 LUT5=1 LUT6=2 RAMD32=1)
  Clock Path Skew:        -0.027ns (DCD - SCD + CPR)
    Destination Clock Delay (DCD):    0.510ns = ( 10.510 - 10.000 ) 
    Source Clock Delay      (SCD):    0.537ns
    Clock Pessimism Removal (CPR):    0.000ns
  Clock Uncertainty:      0.535ns  ((TSJ^2 + TIJ^2)^1/2 + DJ) / 2 + PE + UU
    Total System Jitter     (TSJ):    0.071ns
    Total Input Jitter      (TIJ):    0.000ns
    Discrete Jitter          (DJ):    0.000ns
    Phase Error              (PE):    0.000ns
    User Uncertainty         (UU):    0.500ns

    Location             Delay type                Incr(ns)  Path(ns)    Netlist Resource(s)
  -------------------------------------------------------------------    -------------------
                         (clock clk rise edge)        0.000     0.000 r  
                                                      0.000     0.000 r  clk (IN)
                         net (fo=181, unset)          0.537     0.537    u_tx_message_fifo/clk
                         FDRE                                         r  u_tx_message_fifo/rd_ptr_reg[0]/C
  -------------------------------------------------------------------    -------------------
                         FDRE (Prop_fdre_C_Q)         0.223     0.760 r  u_tx_message_fifo/rd_ptr_reg[0]/Q
                         net (fo=42, unplaced)        0.605     1.365    u_tx_message_fifo/mem_reg_0_15_18_23/ADDRA0
                         RAMD32 (Prop_ramd32_RADR0_O)
                                                      0.123     1.488 r  u_tx_message_fifo/mem_reg_0_15_18_23/RAMA_D1/O
                         net (fo=4, unplaced)         0.521     2.009    u_tx_message_fifo/p_0_in[3]
                         CARRY4 (Prop_carry4_DI[1]_CO[3])
                                                      0.250     2.259 r  u_tx_message_fifo/dout_data_reg[5]_i_9/CO[3]
                         net (fo=1, unplaced)         0.000     2.259    u_tx_message_fifo/dout_data_reg[5]_i_9_n_0
                         CARRY4 (Prop_carry4_CI_O[2])
                                                      0.119     2.378 r  u_tx_message_fifo/dout_data_reg[11]_i_15/O[2]
                         net (fo=6, unplaced)         0.302     2.680    data32[8]
                         LUT3 (Prop_lut3_I1_O)        0.127     2.807 r  dout_data[11]_i_65/O
                         net (fo=1, unplaced)         0.497     3.304    u_tx_message_fifo/dout_data[11]_i_28[1]
                         CARRY4 (Prop_carry4_DI[1]_CO[3])
                                                      0.250     3.554 r  u_tx_message_fifo/dout_data_reg[11]_i_38/CO[3]
                         net (fo=1, unplaced)         0.000     3.554    u_tx_message_fifo/dout_data_reg[11]_i_38_n_0
                         CARRY4 (Prop_carry4_CI_O[3])
                                                      0.155     3.709 r  u_tx_message_fifo/dout_data_reg[15]_i_81/O[3]
                         net (fo=4, unplaced)         0.470     4.179    u_tx_message_fifo_n_95
                         LUT6 (Prop_lut6_I0_O)        0.120     4.299 r  dout_data[15]_i_99/O
                         net (fo=2, unplaced)         0.508     4.807    u_tx_message_fifo/dout_data[15]_i_44_1[1]
                         CARRY4 (Prop_carry4_DI[1]_CO[3])
                                                      0.250     5.057 r  u_tx_message_fifo/dout_data_reg[15]_i_64/CO[3]
                         net (fo=1, unplaced)         0.628     5.685    u_tx_message_fifo/dout_data_reg[15]_i_64_n_0
                         LUT2 (Prop_lut2_I1_O)        0.043     5.728 r  u_tx_message_fifo/dout_data[15]_i_41/O
                         net (fo=1, unplaced)         0.000     5.728    u_tx_message_fifo/dout_data[15]_i_41_n_0
                         CARRY4 (Prop_carry4_S[3]_CO[3])
                                                      0.193     5.921 r  u_tx_message_fifo/dout_data_reg[15]_i_33/CO[3]
                         net (fo=1, unplaced)         0.000     5.921    u_tx_message_fifo/dout_data_reg[15]_i_33_n_0
                         CARRY4 (Prop_carry4_CI_CO[3])
                                                      0.053     5.974 r  u_tx_message_fifo/dout_data_reg[15]_i_35/CO[3]
                         net (fo=1, unplaced)         0.000     5.974    u_tx_message_fifo/dout_data_reg[15]_i_35_n_0
                         CARRY4 (Prop_carry4_CI_CO[3])
                                                      0.053     6.027 r  u_tx_message_fifo/dout_data_reg[11]_i_17/CO[3]
                         net (fo=1, unplaced)         0.000     6.027    u_tx_message_fifo/dout_data_reg[11]_i_17_n_0
                         CARRY4 (Prop_carry4_CI_CO[3])
                                                      0.053     6.080 r  u_tx_message_fifo/dout_data_reg[15]_i_32/CO[3]
                         net (fo=1, unplaced)         0.000     6.080    u_tx_message_fifo/dout_data_reg[15]_i_32_n_0
                         CARRY4 (Prop_carry4_CI_CO[0])
                                                      0.152     6.232 r  u_tx_message_fifo/dout_data_reg[15]_i_45/CO[0]
                         net (fo=1, unplaced)         0.191     6.423    u_tx_message_fifo_n_117
                         LUT2 (Prop_lut2_I1_O)        0.128     6.551 r  dout_data[15]_i_34/O
                         net (fo=1, unplaced)         0.000     6.551    dout_data[15]_i_34_n_0
                         CARRY4 (Prop_carry4_S[0]_CO[3])
                                                      0.259     6.810 r  dout_data_reg[15]_i_19/CO[3]
                         net (fo=1, unplaced)         0.000     6.810    dout_data_reg[15]_i_19_n_0
                         CARRY4 (Prop_carry4_CI_O[3])
                                                      0.155     6.965 r  dout_data_reg[15]_i_20/O[3]
                         net (fo=2, unplaced)         0.457     7.422    w_udp_sum_f2[7]
                         LUT4 (Prop_lut4_I0_O)        0.120     7.542 r  dout_data[15]_i_11/O
                         net (fo=2, unplaced)         0.418     7.960    dout_data[15]_i_11_n_0
                         LUT5 (Prop_lut5_I4_O)        0.043     8.003 r  dout_data[15]_i_3/O
                         net (fo=15, unplaced)        0.323     8.326    u_tx_data_fifo/dout_data_reg[15]
                         LUT6 (Prop_lut6_I1_O)        0.043     8.369 r  u_tx_data_fifo/dout_data[3]_i_1/O
                         net (fo=1, unplaced)         0.000     8.369    p_0_out[3]
                         FDCE                                         r  dout_data_reg[3]/D
  -------------------------------------------------------------------    -------------------

                         (clock clk rise edge)       10.000    10.000 r  
                                                      0.000    10.000 r  clk (IN)
                         net (fo=181, unset)          0.510    10.510    clk
                         FDCE                                         r  dout_data_reg[3]/C
                         clock pessimism              0.000    10.510    
                         clock uncertainty           -0.535     9.975    
                         FDCE (Setup_fdce_C_D)        0.036    10.011    dout_data_reg[3]
  -------------------------------------------------------------------
                         required time                         10.011    
                         arrival time                          -8.369    
  -------------------------------------------------------------------
                         slack                                  1.642    

Slack (MET) :             1.642ns  (required time - arrival time)
  Source:                 u_tx_message_fifo/rd_ptr_reg[0]/C
                            (rising edge-triggered cell FDRE clocked by clk  {rise@0.000ns fall@5.000ns period=10.000ns})
  Destination:            dout_data_reg[4]/D
                            (rising edge-triggered cell FDCE clocked by clk  {rise@0.000ns fall@5.000ns period=10.000ns})
  Path Group:             clk
  Path Type:              Setup (Max at Slow Process Corner)
  Requirement:            10.000ns  (clk rise@10.000ns - clk rise@0.000ns)
  Data Path Delay:        7.832ns  (logic 2.912ns (37.181%)  route 4.920ns (62.819%))
  Logic Levels:           20  (CARRY4=12 LUT2=2 LUT3=1 LUT4=1 LUT5=1 LUT6=2 RAMD32=1)
  Clock Path Skew:        -0.027ns (DCD - SCD + CPR)
    Destination Clock Delay (DCD):    0.510ns = ( 10.510 - 10.000 ) 
    Source Clock Delay      (SCD):    0.537ns
    Clock Pessimism Removal (CPR):    0.000ns
  Clock Uncertainty:      0.535ns  ((TSJ^2 + TIJ^2)^1/2 + DJ) / 2 + PE + UU
    Total System Jitter     (TSJ):    0.071ns
    Total Input Jitter      (TIJ):    0.000ns
    Discrete Jitter          (DJ):    0.000ns
    Phase Error              (PE):    0.000ns
    User Uncertainty         (UU):    0.500ns

    Location             Delay type                Incr(ns)  Path(ns)    Netlist Resource(s)
  -------------------------------------------------------------------    -------------------
                         (clock clk rise edge)        0.000     0.000 r  
                                                      0.000     0.000 r  clk (IN)
                         net (fo=181, unset)          0.537     0.537    u_tx_message_fifo/clk
                         FDRE                                         r  u_tx_message_fifo/rd_ptr_reg[0]/C
  -------------------------------------------------------------------    -------------------
                         FDRE (Prop_fdre_C_Q)         0.223     0.760 r  u_tx_message_fifo/rd_ptr_reg[0]/Q
                         net (fo=42, unplaced)        0.605     1.365    u_tx_message_fifo/mem_reg_0_15_18_23/ADDRA0
                         RAMD32 (Prop_ramd32_RADR0_O)
                                                      0.123     1.488 r  u_tx_message_fifo/mem_reg_0_15_18_23/RAMA_D1/O
                         net (fo=4, unplaced)         0.521     2.009    u_tx_message_fifo/p_0_in[3]
                         CARRY4 (Prop_carry4_DI[1]_CO[3])
                                                      0.250     2.259 r  u_tx_message_fifo/dout_data_reg[5]_i_9/CO[3]
                         net (fo=1, unplaced)         0.000     2.259    u_tx_message_fifo/dout_data_reg[5]_i_9_n_0
                         CARRY4 (Prop_carry4_CI_O[2])
                                                      0.119     2.378 r  u_tx_message_fifo/dout_data_reg[11]_i_15/O[2]
                         net (fo=6, unplaced)         0.302     2.680    data32[8]
                         LUT3 (Prop_lut3_I1_O)        0.127     2.807 r  dout_data[11]_i_65/O
                         net (fo=1, unplaced)         0.497     3.304    u_tx_message_fifo/dout_data[11]_i_28[1]
                         CARRY4 (Prop_carry4_DI[1]_CO[3])
                                                      0.250     3.554 r  u_tx_message_fifo/dout_data_reg[11]_i_38/CO[3]
                         net (fo=1, unplaced)         0.000     3.554    u_tx_message_fifo/dout_data_reg[11]_i_38_n_0
                         CARRY4 (Prop_carry4_CI_O[3])
                                                      0.155     3.709 r  u_tx_message_fifo/dout_data_reg[15]_i_81/O[3]
                         net (fo=4, unplaced)         0.470     4.179    u_tx_message_fifo_n_95
                         LUT6 (Prop_lut6_I0_O)        0.120     4.299 r  dout_data[15]_i_99/O
                         net (fo=2, unplaced)         0.508     4.807    u_tx_message_fifo/dout_data[15]_i_44_1[1]
                         CARRY4 (Prop_carry4_DI[1]_CO[3])
                                                      0.250     5.057 r  u_tx_message_fifo/dout_data_reg[15]_i_64/CO[3]
                         net (fo=1, unplaced)         0.628     5.685    u_tx_message_fifo/dout_data_reg[15]_i_64_n_0
                         LUT2 (Prop_lut2_I1_O)        0.043     5.728 r  u_tx_message_fifo/dout_data[15]_i_41/O
                         net (fo=1, unplaced)         0.000     5.728    u_tx_message_fifo/dout_data[15]_i_41_n_0
                         CARRY4 (Prop_carry4_S[3]_CO[3])
                                                      0.193     5.921 r  u_tx_message_fifo/dout_data_reg[15]_i_33/CO[3]
                         net (fo=1, unplaced)         0.000     5.921    u_tx_message_fifo/dout_data_reg[15]_i_33_n_0
                         CARRY4 (Prop_carry4_CI_CO[3])
                                                      0.053     5.974 r  u_tx_message_fifo/dout_data_reg[15]_i_35/CO[3]
                         net (fo=1, unplaced)         0.000     5.974    u_tx_message_fifo/dout_data_reg[15]_i_35_n_0
                         CARRY4 (Prop_carry4_CI_CO[3])
                                                      0.053     6.027 r  u_tx_message_fifo/dout_data_reg[11]_i_17/CO[3]
                         net (fo=1, unplaced)         0.000     6.027    u_tx_message_fifo/dout_data_reg[11]_i_17_n_0
                         CARRY4 (Prop_carry4_CI_CO[3])
                                                      0.053     6.080 r  u_tx_message_fifo/dout_data_reg[15]_i_32/CO[3]
                         net (fo=1, unplaced)         0.000     6.080    u_tx_message_fifo/dout_data_reg[15]_i_32_n_0
                         CARRY4 (Prop_carry4_CI_CO[0])
                                                      0.152     6.232 r  u_tx_message_fifo/dout_data_reg[15]_i_45/CO[0]
                         net (fo=1, unplaced)         0.191     6.423    u_tx_message_fifo_n_117
                         LUT2 (Prop_lut2_I1_O)        0.128     6.551 r  dout_data[15]_i_34/O
                         net (fo=1, unplaced)         0.000     6.551    dout_data[15]_i_34_n_0
                         CARRY4 (Prop_carry4_S[0]_CO[3])
                                                      0.259     6.810 r  dout_data_reg[15]_i_19/CO[3]
                         net (fo=1, unplaced)         0.000     6.810    dout_data_reg[15]_i_19_n_0
                         CARRY4 (Prop_carry4_CI_O[3])
                                                      0.155     6.965 r  dout_data_reg[15]_i_20/O[3]
                         net (fo=2, unplaced)         0.457     7.422    w_udp_sum_f2[7]
                         LUT4 (Prop_lut4_I0_O)        0.120     7.542 r  dout_data[15]_i_11/O
                         net (fo=2, unplaced)         0.418     7.960    dout_data[15]_i_11_n_0
                         LUT5 (Prop_lut5_I4_O)        0.043     8.003 r  dout_data[15]_i_3/O
                         net (fo=15, unplaced)        0.323     8.326    u_tx_data_fifo/dout_data_reg[15]
                         LUT6 (Prop_lut6_I1_O)        0.043     8.369 r  u_tx_data_fifo/dout_data[4]_i_1/O
                         net (fo=1, unplaced)         0.000     8.369    p_0_out[4]
                         FDCE                                         r  dout_data_reg[4]/D
  -------------------------------------------------------------------    -------------------

                         (clock clk rise edge)       10.000    10.000 r  
                                                      0.000    10.000 r  clk (IN)
                         net (fo=181, unset)          0.510    10.510    clk
                         FDCE                                         r  dout_data_reg[4]/C
                         clock pessimism              0.000    10.510    
                         clock uncertainty           -0.535     9.975    
                         FDCE (Setup_fdce_C_D)        0.036    10.011    dout_data_reg[4]
  -------------------------------------------------------------------
                         required time                         10.011    
                         arrival time                          -8.369    
  -------------------------------------------------------------------
                         slack                                  1.642    

Slack (MET) :             1.642ns  (required time - arrival time)
  Source:                 u_tx_message_fifo/rd_ptr_reg[0]/C
                            (rising edge-triggered cell FDRE clocked by clk  {rise@0.000ns fall@5.000ns period=10.000ns})
  Destination:            dout_data_reg[5]/D
                            (rising edge-triggered cell FDCE clocked by clk  {rise@0.000ns fall@5.000ns period=10.000ns})
  Path Group:             clk
  Path Type:              Setup (Max at Slow Process Corner)
  Requirement:            10.000ns  (clk rise@10.000ns - clk rise@0.000ns)
  Data Path Delay:        7.832ns  (logic 2.912ns (37.181%)  route 4.920ns (62.819%))
  Logic Levels:           20  (CARRY4=12 LUT2=2 LUT3=1 LUT4=1 LUT5=1 LUT6=2 RAMD32=1)
  Clock Path Skew:        -0.027ns (DCD - SCD + CPR)
    Destination Clock Delay (DCD):    0.510ns = ( 10.510 - 10.000 ) 
    Source Clock Delay      (SCD):    0.537ns
    Clock Pessimism Removal (CPR):    0.000ns
  Clock Uncertainty:      0.535ns  ((TSJ^2 + TIJ^2)^1/2 + DJ) / 2 + PE + UU
    Total System Jitter     (TSJ):    0.071ns
    Total Input Jitter      (TIJ):    0.000ns
    Discrete Jitter          (DJ):    0.000ns
    Phase Error              (PE):    0.000ns
    User Uncertainty         (UU):    0.500ns

    Location             Delay type                Incr(ns)  Path(ns)    Netlist Resource(s)
  -------------------------------------------------------------------    -------------------
                         (clock clk rise edge)        0.000     0.000 r  
                                                      0.000     0.000 r  clk (IN)
                         net (fo=181, unset)          0.537     0.537    u_tx_message_fifo/clk
                         FDRE                                         r  u_tx_message_fifo/rd_ptr_reg[0]/C
  -------------------------------------------------------------------    -------------------
                         FDRE (Prop_fdre_C_Q)         0.223     0.760 r  u_tx_message_fifo/rd_ptr_reg[0]/Q
                         net (fo=42, unplaced)        0.605     1.365    u_tx_message_fifo/mem_reg_0_15_18_23/ADDRA0
                         RAMD32 (Prop_ramd32_RADR0_O)
                                                      0.123     1.488 r  u_tx_message_fifo/mem_reg_0_15_18_23/RAMA_D1/O
                         net (fo=4, unplaced)         0.521     2.009    u_tx_message_fifo/p_0_in[3]
                         CARRY4 (Prop_carry4_DI[1]_CO[3])
                                                      0.250     2.259 r  u_tx_message_fifo/dout_data_reg[5]_i_9/CO[3]
                         net (fo=1, unplaced)         0.000     2.259    u_tx_message_fifo/dout_data_reg[5]_i_9_n_0
                         CARRY4 (Prop_carry4_CI_O[2])
                                                      0.119     2.378 r  u_tx_message_fifo/dout_data_reg[11]_i_15/O[2]
                         net (fo=6, unplaced)         0.302     2.680    data32[8]
                         LUT3 (Prop_lut3_I1_O)        0.127     2.807 r  dout_data[11]_i_65/O
                         net (fo=1, unplaced)         0.497     3.304    u_tx_message_fifo/dout_data[11]_i_28[1]
                         CARRY4 (Prop_carry4_DI[1]_CO[3])
                                                      0.250     3.554 r  u_tx_message_fifo/dout_data_reg[11]_i_38/CO[3]
                         net (fo=1, unplaced)         0.000     3.554    u_tx_message_fifo/dout_data_reg[11]_i_38_n_0
                         CARRY4 (Prop_carry4_CI_O[3])
                                                      0.155     3.709 r  u_tx_message_fifo/dout_data_reg[15]_i_81/O[3]
                         net (fo=4, unplaced)         0.470     4.179    u_tx_message_fifo_n_95
                         LUT6 (Prop_lut6_I0_O)        0.120     4.299 r  dout_data[15]_i_99/O
                         net (fo=2, unplaced)         0.508     4.807    u_tx_message_fifo/dout_data[15]_i_44_1[1]
                         CARRY4 (Prop_carry4_DI[1]_CO[3])
                                                      0.250     5.057 r  u_tx_message_fifo/dout_data_reg[15]_i_64/CO[3]
                         net (fo=1, unplaced)         0.628     5.685    u_tx_message_fifo/dout_data_reg[15]_i_64_n_0
                         LUT2 (Prop_lut2_I1_O)        0.043     5.728 r  u_tx_message_fifo/dout_data[15]_i_41/O
                         net (fo=1, unplaced)         0.000     5.728    u_tx_message_fifo/dout_data[15]_i_41_n_0
                         CARRY4 (Prop_carry4_S[3]_CO[3])
                                                      0.193     5.921 r  u_tx_message_fifo/dout_data_reg[15]_i_33/CO[3]
                         net (fo=1, unplaced)         0.000     5.921    u_tx_message_fifo/dout_data_reg[15]_i_33_n_0
                         CARRY4 (Prop_carry4_CI_CO[3])
                                                      0.053     5.974 r  u_tx_message_fifo/dout_data_reg[15]_i_35/CO[3]
                         net (fo=1, unplaced)         0.000     5.974    u_tx_message_fifo/dout_data_reg[15]_i_35_n_0
                         CARRY4 (Prop_carry4_CI_CO[3])
                                                      0.053     6.027 r  u_tx_message_fifo/dout_data_reg[11]_i_17/CO[3]
                         net (fo=1, unplaced)         0.000     6.027    u_tx_message_fifo/dout_data_reg[11]_i_17_n_0
                         CARRY4 (Prop_carry4_CI_CO[3])
                                                      0.053     6.080 r  u_tx_message_fifo/dout_data_reg[15]_i_32/CO[3]
                         net (fo=1, unplaced)         0.000     6.080    u_tx_message_fifo/dout_data_reg[15]_i_32_n_0
                         CARRY4 (Prop_carry4_CI_CO[0])
                                                      0.152     6.232 r  u_tx_message_fifo/dout_data_reg[15]_i_45/CO[0]
                         net (fo=1, unplaced)         0.191     6.423    u_tx_message_fifo_n_117
                         LUT2 (Prop_lut2_I1_O)        0.128     6.551 r  dout_data[15]_i_34/O
                         net (fo=1, unplaced)         0.000     6.551    dout_data[15]_i_34_n_0
                         CARRY4 (Prop_carry4_S[0]_CO[3])
                                                      0.259     6.810 r  dout_data_reg[15]_i_19/CO[3]
                         net (fo=1, unplaced)         0.000     6.810    dout_data_reg[15]_i_19_n_0
                         CARRY4 (Prop_carry4_CI_O[3])
                                                      0.155     6.965 r  dout_data_reg[15]_i_20/O[3]
                         net (fo=2, unplaced)         0.457     7.422    w_udp_sum_f2[7]
                         LUT4 (Prop_lut4_I0_O)        0.120     7.542 r  dout_data[15]_i_11/O
                         net (fo=2, unplaced)         0.418     7.960    dout_data[15]_i_11_n_0
                         LUT5 (Prop_lut5_I4_O)        0.043     8.003 r  dout_data[15]_i_3/O
                         net (fo=15, unplaced)        0.323     8.326    u_tx_data_fifo/dout_data_reg[15]
                         LUT6 (Prop_lut6_I1_O)        0.043     8.369 r  u_tx_data_fifo/dout_data[5]_i_1/O
                         net (fo=1, unplaced)         0.000     8.369    p_0_out[5]
                         FDCE                                         r  dout_data_reg[5]/D
  -------------------------------------------------------------------    -------------------

                         (clock clk rise edge)       10.000    10.000 r  
                                                      0.000    10.000 r  clk (IN)
                         net (fo=181, unset)          0.510    10.510    clk
                         FDCE                                         r  dout_data_reg[5]/C
                         clock pessimism              0.000    10.510    
                         clock uncertainty           -0.535     9.975    
                         FDCE (Setup_fdce_C_D)        0.036    10.011    dout_data_reg[5]
  -------------------------------------------------------------------
                         required time                         10.011    
                         arrival time                          -8.369    
  -------------------------------------------------------------------
                         slack                                  1.642    

Slack (MET) :             1.642ns  (required time - arrival time)
  Source:                 u_tx_message_fifo/rd_ptr_reg[0]/C
                            (rising edge-triggered cell FDRE clocked by clk  {rise@0.000ns fall@5.000ns period=10.000ns})
  Destination:            dout_data_reg[6]/D
                            (rising edge-triggered cell FDCE clocked by clk  {rise@0.000ns fall@5.000ns period=10.000ns})
  Path Group:             clk
  Path Type:              Setup (Max at Slow Process Corner)
  Requirement:            10.000ns  (clk rise@10.000ns - clk rise@0.000ns)
  Data Path Delay:        7.832ns  (logic 2.912ns (37.181%)  route 4.920ns (62.819%))
  Logic Levels:           20  (CARRY4=12 LUT2=2 LUT3=1 LUT4=1 LUT5=1 LUT6=2 RAMD32=1)
  Clock Path Skew:        -0.027ns (DCD - SCD + CPR)
    Destination Clock Delay (DCD):    0.510ns = ( 10.510 - 10.000 ) 
    Source Clock Delay      (SCD):    0.537ns
    Clock Pessimism Removal (CPR):    0.000ns
  Clock Uncertainty:      0.535ns  ((TSJ^2 + TIJ^2)^1/2 + DJ) / 2 + PE + UU
    Total System Jitter     (TSJ):    0.071ns
    Total Input Jitter      (TIJ):    0.000ns
    Discrete Jitter          (DJ):    0.000ns
    Phase Error              (PE):    0.000ns
    User Uncertainty         (UU):    0.500ns

    Location             Delay type                Incr(ns)  Path(ns)    Netlist Resource(s)
  -------------------------------------------------------------------    -------------------
                         (clock clk rise edge)        0.000     0.000 r  
                                                      0.000     0.000 r  clk (IN)
                         net (fo=181, unset)          0.537     0.537    u_tx_message_fifo/clk
                         FDRE                                         r  u_tx_message_fifo/rd_ptr_reg[0]/C
  -------------------------------------------------------------------    -------------------
                         FDRE (Prop_fdre_C_Q)         0.223     0.760 r  u_tx_message_fifo/rd_ptr_reg[0]/Q
                         net (fo=42, unplaced)        0.605     1.365    u_tx_message_fifo/mem_reg_0_15_18_23/ADDRA0
                         RAMD32 (Prop_ramd32_RADR0_O)
                                                      0.123     1.488 r  u_tx_message_fifo/mem_reg_0_15_18_23/RAMA_D1/O
                         net (fo=4, unplaced)         0.521     2.009    u_tx_message_fifo/p_0_in[3]
                         CARRY4 (Prop_carry4_DI[1]_CO[3])
                                                      0.250     2.259 r  u_tx_message_fifo/dout_data_reg[5]_i_9/CO[3]
                         net (fo=1, unplaced)         0.000     2.259    u_tx_message_fifo/dout_data_reg[5]_i_9_n_0
                         CARRY4 (Prop_carry4_CI_O[2])
                                                      0.119     2.378 r  u_tx_message_fifo/dout_data_reg[11]_i_15/O[2]
                         net (fo=6, unplaced)         0.302     2.680    data32[8]
                         LUT3 (Prop_lut3_I1_O)        0.127     2.807 r  dout_data[11]_i_65/O
                         net (fo=1, unplaced)         0.497     3.304    u_tx_message_fifo/dout_data[11]_i_28[1]
                         CARRY4 (Prop_carry4_DI[1]_CO[3])
                                                      0.250     3.554 r  u_tx_message_fifo/dout_data_reg[11]_i_38/CO[3]
                         net (fo=1, unplaced)         0.000     3.554    u_tx_message_fifo/dout_data_reg[11]_i_38_n_0
                         CARRY4 (Prop_carry4_CI_O[3])
                                                      0.155     3.709 r  u_tx_message_fifo/dout_data_reg[15]_i_81/O[3]
                         net (fo=4, unplaced)         0.470     4.179    u_tx_message_fifo_n_95
                         LUT6 (Prop_lut6_I0_O)        0.120     4.299 r  dout_data[15]_i_99/O
                         net (fo=2, unplaced)         0.508     4.807    u_tx_message_fifo/dout_data[15]_i_44_1[1]
                         CARRY4 (Prop_carry4_DI[1]_CO[3])
                                                      0.250     5.057 r  u_tx_message_fifo/dout_data_reg[15]_i_64/CO[3]
                         net (fo=1, unplaced)         0.628     5.685    u_tx_message_fifo/dout_data_reg[15]_i_64_n_0
                         LUT2 (Prop_lut2_I1_O)        0.043     5.728 r  u_tx_message_fifo/dout_data[15]_i_41/O
                         net (fo=1, unplaced)         0.000     5.728    u_tx_message_fifo/dout_data[15]_i_41_n_0
                         CARRY4 (Prop_carry4_S[3]_CO[3])
                                                      0.193     5.921 r  u_tx_message_fifo/dout_data_reg[15]_i_33/CO[3]
                         net (fo=1, unplaced)         0.000     5.921    u_tx_message_fifo/dout_data_reg[15]_i_33_n_0
                         CARRY4 (Prop_carry4_CI_CO[3])
                                                      0.053     5.974 r  u_tx_message_fifo/dout_data_reg[15]_i_35/CO[3]
                         net (fo=1, unplaced)         0.000     5.974    u_tx_message_fifo/dout_data_reg[15]_i_35_n_0
                         CARRY4 (Prop_carry4_CI_CO[3])
                                                      0.053     6.027 r  u_tx_message_fifo/dout_data_reg[11]_i_17/CO[3]
                         net (fo=1, unplaced)         0.000     6.027    u_tx_message_fifo/dout_data_reg[11]_i_17_n_0
                         CARRY4 (Prop_carry4_CI_CO[3])
                                                      0.053     6.080 r  u_tx_message_fifo/dout_data_reg[15]_i_32/CO[3]
                         net (fo=1, unplaced)         0.000     6.080    u_tx_message_fifo/dout_data_reg[15]_i_32_n_0
                         CARRY4 (Prop_carry4_CI_CO[0])
                                                      0.152     6.232 r  u_tx_message_fifo/dout_data_reg[15]_i_45/CO[0]
                         net (fo=1, unplaced)         0.191     6.423    u_tx_message_fifo_n_117
                         LUT2 (Prop_lut2_I1_O)        0.128     6.551 r  dout_data[15]_i_34/O
                         net (fo=1, unplaced)         0.000     6.551    dout_data[15]_i_34_n_0
                         CARRY4 (Prop_carry4_S[0]_CO[3])
                                                      0.259     6.810 r  dout_data_reg[15]_i_19/CO[3]
                         net (fo=1, unplaced)         0.000     6.810    dout_data_reg[15]_i_19_n_0
                         CARRY4 (Prop_carry4_CI_O[3])
                                                      0.155     6.965 r  dout_data_reg[15]_i_20/O[3]
                         net (fo=2, unplaced)         0.457     7.422    w_udp_sum_f2[7]
                         LUT4 (Prop_lut4_I0_O)        0.120     7.542 r  dout_data[15]_i_11/O
                         net (fo=2, unplaced)         0.418     7.960    dout_data[15]_i_11_n_0
                         LUT5 (Prop_lut5_I4_O)        0.043     8.003 r  dout_data[15]_i_3/O
                         net (fo=15, unplaced)        0.323     8.326    u_tx_data_fifo/dout_data_reg[15]
                         LUT6 (Prop_lut6_I1_O)        0.043     8.369 r  u_tx_data_fifo/dout_data[6]_i_1/O
                         net (fo=1, unplaced)         0.000     8.369    p_0_out[6]
                         FDCE                                         r  dout_data_reg[6]/D
  -------------------------------------------------------------------    -------------------

                         (clock clk rise edge)       10.000    10.000 r  
                                                      0.000    10.000 r  clk (IN)
                         net (fo=181, unset)          0.510    10.510    clk
                         FDCE                                         r  dout_data_reg[6]/C
                         clock pessimism              0.000    10.510    
                         clock uncertainty           -0.535     9.975    
                         FDCE (Setup_fdce_C_D)        0.036    10.011    dout_data_reg[6]
  -------------------------------------------------------------------
                         required time                         10.011    
                         arrival time                          -8.369    
  -------------------------------------------------------------------
                         slack                                  1.642    

Slack (MET) :             1.642ns  (required time - arrival time)
  Source:                 u_tx_message_fifo/rd_ptr_reg[0]/C
                            (rising edge-triggered cell FDRE clocked by clk  {rise@0.000ns fall@5.000ns period=10.000ns})
  Destination:            dout_data_reg[7]/D
                            (rising edge-triggered cell FDCE clocked by clk  {rise@0.000ns fall@5.000ns period=10.000ns})
  Path Group:             clk
  Path Type:              Setup (Max at Slow Process Corner)
  Requirement:            10.000ns  (clk rise@10.000ns - clk rise@0.000ns)
  Data Path Delay:        7.832ns  (logic 2.912ns (37.181%)  route 4.920ns (62.819%))
  Logic Levels:           20  (CARRY4=12 LUT2=2 LUT3=1 LUT4=1 LUT5=1 LUT6=2 RAMD32=1)
  Clock Path Skew:        -0.027ns (DCD - SCD + CPR)
    Destination Clock Delay (DCD):    0.510ns = ( 10.510 - 10.000 ) 
    Source Clock Delay      (SCD):    0.537ns
    Clock Pessimism Removal (CPR):    0.000ns
  Clock Uncertainty:      0.535ns  ((TSJ^2 + TIJ^2)^1/2 + DJ) / 2 + PE + UU
    Total System Jitter     (TSJ):    0.071ns
    Total Input Jitter      (TIJ):    0.000ns
    Discrete Jitter          (DJ):    0.000ns
    Phase Error              (PE):    0.000ns
    User Uncertainty         (UU):    0.500ns

    Location             Delay type                Incr(ns)  Path(ns)    Netlist Resource(s)
  -------------------------------------------------------------------    -------------------
                         (clock clk rise edge)        0.000     0.000 r  
                                                      0.000     0.000 r  clk (IN)
                         net (fo=181, unset)          0.537     0.537    u_tx_message_fifo/clk
                         FDRE                                         r  u_tx_message_fifo/rd_ptr_reg[0]/C
  -------------------------------------------------------------------    -------------------
                         FDRE (Prop_fdre_C_Q)         0.223     0.760 r  u_tx_message_fifo/rd_ptr_reg[0]/Q
                         net (fo=42, unplaced)        0.605     1.365    u_tx_message_fifo/mem_reg_0_15_18_23/ADDRA0
                         RAMD32 (Prop_ramd32_RADR0_O)
                                                      0.123     1.488 r  u_tx_message_fifo/mem_reg_0_15_18_23/RAMA_D1/O
                         net (fo=4, unplaced)         0.521     2.009    u_tx_message_fifo/p_0_in[3]
                         CARRY4 (Prop_carry4_DI[1]_CO[3])
                                                      0.250     2.259 r  u_tx_message_fifo/dout_data_reg[5]_i_9/CO[3]
                         net (fo=1, unplaced)         0.000     2.259    u_tx_message_fifo/dout_data_reg[5]_i_9_n_0
                         CARRY4 (Prop_carry4_CI_O[2])
                                                      0.119     2.378 r  u_tx_message_fifo/dout_data_reg[11]_i_15/O[2]
                         net (fo=6, unplaced)         0.302     2.680    data32[8]
                         LUT3 (Prop_lut3_I1_O)        0.127     2.807 r  dout_data[11]_i_65/O
                         net (fo=1, unplaced)         0.497     3.304    u_tx_message_fifo/dout_data[11]_i_28[1]
                         CARRY4 (Prop_carry4_DI[1]_CO[3])
                                                      0.250     3.554 r  u_tx_message_fifo/dout_data_reg[11]_i_38/CO[3]
                         net (fo=1, unplaced)         0.000     3.554    u_tx_message_fifo/dout_data_reg[11]_i_38_n_0
                         CARRY4 (Prop_carry4_CI_O[3])
                                                      0.155     3.709 r  u_tx_message_fifo/dout_data_reg[15]_i_81/O[3]
                         net (fo=4, unplaced)         0.470     4.179    u_tx_message_fifo_n_95
                         LUT6 (Prop_lut6_I0_O)        0.120     4.299 r  dout_data[15]_i_99/O
                         net (fo=2, unplaced)         0.508     4.807    u_tx_message_fifo/dout_data[15]_i_44_1[1]
                         CARRY4 (Prop_carry4_DI[1]_CO[3])
                                                      0.250     5.057 r  u_tx_message_fifo/dout_data_reg[15]_i_64/CO[3]
                         net (fo=1, unplaced)         0.628     5.685    u_tx_message_fifo/dout_data_reg[15]_i_64_n_0
                         LUT2 (Prop_lut2_I1_O)        0.043     5.728 r  u_tx_message_fifo/dout_data[15]_i_41/O
                         net (fo=1, unplaced)         0.000     5.728    u_tx_message_fifo/dout_data[15]_i_41_n_0
                         CARRY4 (Prop_carry4_S[3]_CO[3])
                                                      0.193     5.921 r  u_tx_message_fifo/dout_data_reg[15]_i_33/CO[3]
                         net (fo=1, unplaced)         0.000     5.921    u_tx_message_fifo/dout_data_reg[15]_i_33_n_0
                         CARRY4 (Prop_carry4_CI_CO[3])
                                                      0.053     5.974 r  u_tx_message_fifo/dout_data_reg[15]_i_35/CO[3]
                         net (fo=1, unplaced)         0.000     5.974    u_tx_message_fifo/dout_data_reg[15]_i_35_n_0
                         CARRY4 (Prop_carry4_CI_CO[3])
                                                      0.053     6.027 r  u_tx_message_fifo/dout_data_reg[11]_i_17/CO[3]
                         net (fo=1, unplaced)         0.000     6.027    u_tx_message_fifo/dout_data_reg[11]_i_17_n_0
                         CARRY4 (Prop_carry4_CI_CO[3])
                                                      0.053     6.080 r  u_tx_message_fifo/dout_data_reg[15]_i_32/CO[3]
                         net (fo=1, unplaced)         0.000     6.080    u_tx_message_fifo/dout_data_reg[15]_i_32_n_0
                         CARRY4 (Prop_carry4_CI_CO[0])
                                                      0.152     6.232 r  u_tx_message_fifo/dout_data_reg[15]_i_45/CO[0]
                         net (fo=1, unplaced)         0.191     6.423    u_tx_message_fifo_n_117
                         LUT2 (Prop_lut2_I1_O)        0.128     6.551 r  dout_data[15]_i_34/O
                         net (fo=1, unplaced)         0.000     6.551    dout_data[15]_i_34_n_0
                         CARRY4 (Prop_carry4_S[0]_CO[3])
                                                      0.259     6.810 r  dout_data_reg[15]_i_19/CO[3]
                         net (fo=1, unplaced)         0.000     6.810    dout_data_reg[15]_i_19_n_0
                         CARRY4 (Prop_carry4_CI_O[3])
                                                      0.155     6.965 r  dout_data_reg[15]_i_20/O[3]
                         net (fo=2, unplaced)         0.457     7.422    w_udp_sum_f2[7]
                         LUT4 (Prop_lut4_I0_O)        0.120     7.542 r  dout_data[15]_i_11/O
                         net (fo=2, unplaced)         0.418     7.960    dout_data[15]_i_11_n_0
                         LUT5 (Prop_lut5_I4_O)        0.043     8.003 r  dout_data[15]_i_3/O
                         net (fo=15, unplaced)        0.323     8.326    u_tx_data_fifo/dout_data_reg[15]
                         LUT6 (Prop_lut6_I1_O)        0.043     8.369 r  u_tx_data_fifo/dout_data[7]_i_1/O
                         net (fo=1, unplaced)         0.000     8.369    p_0_out[7]
                         FDCE                                         r  dout_data_reg[7]/D
  -------------------------------------------------------------------    -------------------

                         (clock clk rise edge)       10.000    10.000 r  
                                                      0.000    10.000 r  clk (IN)
                         net (fo=181, unset)          0.510    10.510    clk
                         FDCE                                         r  dout_data_reg[7]/C
                         clock pessimism              0.000    10.510    
                         clock uncertainty           -0.535     9.975    
                         FDCE (Setup_fdce_C_D)        0.036    10.011    dout_data_reg[7]
  -------------------------------------------------------------------
                         required time                         10.011    
                         arrival time                          -8.369    
  -------------------------------------------------------------------
                         slack                                  1.642    

Slack (MET) :             1.642ns  (required time - arrival time)
  Source:                 u_tx_message_fifo/rd_ptr_reg[0]/C
                            (rising edge-triggered cell FDRE clocked by clk  {rise@0.000ns fall@5.000ns period=10.000ns})
  Destination:            dout_data_reg[8]/D
                            (rising edge-triggered cell FDCE clocked by clk  {rise@0.000ns fall@5.000ns period=10.000ns})
  Path Group:             clk
  Path Type:              Setup (Max at Slow Process Corner)
  Requirement:            10.000ns  (clk rise@10.000ns - clk rise@0.000ns)
  Data Path Delay:        7.832ns  (logic 2.912ns (37.181%)  route 4.920ns (62.819%))
  Logic Levels:           20  (CARRY4=12 LUT2=2 LUT3=1 LUT4=1 LUT5=1 LUT6=2 RAMD32=1)
  Clock Path Skew:        -0.027ns (DCD - SCD + CPR)
    Destination Clock Delay (DCD):    0.510ns = ( 10.510 - 10.000 ) 
    Source Clock Delay      (SCD):    0.537ns
    Clock Pessimism Removal (CPR):    0.000ns
  Clock Uncertainty:      0.535ns  ((TSJ^2 + TIJ^2)^1/2 + DJ) / 2 + PE + UU
    Total System Jitter     (TSJ):    0.071ns
    Total Input Jitter      (TIJ):    0.000ns
    Discrete Jitter          (DJ):    0.000ns
    Phase Error              (PE):    0.000ns
    User Uncertainty         (UU):    0.500ns

    Location             Delay type                Incr(ns)  Path(ns)    Netlist Resource(s)
  -------------------------------------------------------------------    -------------------
                         (clock clk rise edge)        0.000     0.000 r  
                                                      0.000     0.000 r  clk (IN)
                         net (fo=181, unset)          0.537     0.537    u_tx_message_fifo/clk
                         FDRE                                         r  u_tx_message_fifo/rd_ptr_reg[0]/C
  -------------------------------------------------------------------    -------------------
                         FDRE (Prop_fdre_C_Q)         0.223     0.760 r  u_tx_message_fifo/rd_ptr_reg[0]/Q
                         net (fo=42, unplaced)        0.605     1.365    u_tx_message_fifo/mem_reg_0_15_18_23/ADDRA0
                         RAMD32 (Prop_ramd32_RADR0_O)
                                                      0.123     1.488 r  u_tx_message_fifo/mem_reg_0_15_18_23/RAMA_D1/O
                         net (fo=4, unplaced)         0.521     2.009    u_tx_message_fifo/p_0_in[3]
                         CARRY4 (Prop_carry4_DI[1]_CO[3])
                                                      0.250     2.259 r  u_tx_message_fifo/dout_data_reg[5]_i_9/CO[3]
                         net (fo=1, unplaced)         0.000     2.259    u_tx_message_fifo/dout_data_reg[5]_i_9_n_0
                         CARRY4 (Prop_carry4_CI_O[2])
                                                      0.119     2.378 r  u_tx_message_fifo/dout_data_reg[11]_i_15/O[2]
                         net (fo=6, unplaced)         0.302     2.680    data32[8]
                         LUT3 (Prop_lut3_I1_O)        0.127     2.807 r  dout_data[11]_i_65/O
                         net (fo=1, unplaced)         0.497     3.304    u_tx_message_fifo/dout_data[11]_i_28[1]
                         CARRY4 (Prop_carry4_DI[1]_CO[3])
                                                      0.250     3.554 r  u_tx_message_fifo/dout_data_reg[11]_i_38/CO[3]
                         net (fo=1, unplaced)         0.000     3.554    u_tx_message_fifo/dout_data_reg[11]_i_38_n_0
                         CARRY4 (Prop_carry4_CI_O[3])
                                                      0.155     3.709 r  u_tx_message_fifo/dout_data_reg[15]_i_81/O[3]
                         net (fo=4, unplaced)         0.470     4.179    u_tx_message_fifo_n_95
                         LUT6 (Prop_lut6_I0_O)        0.120     4.299 r  dout_data[15]_i_99/O
                         net (fo=2, unplaced)         0.508     4.807    u_tx_message_fifo/dout_data[15]_i_44_1[1]
                         CARRY4 (Prop_carry4_DI[1]_CO[3])
                                                      0.250     5.057 r  u_tx_message_fifo/dout_data_reg[15]_i_64/CO[3]
                         net (fo=1, unplaced)         0.628     5.685    u_tx_message_fifo/dout_data_reg[15]_i_64_n_0
                         LUT2 (Prop_lut2_I1_O)        0.043     5.728 r  u_tx_message_fifo/dout_data[15]_i_41/O
                         net (fo=1, unplaced)         0.000     5.728    u_tx_message_fifo/dout_data[15]_i_41_n_0
                         CARRY4 (Prop_carry4_S[3]_CO[3])
                                                      0.193     5.921 r  u_tx_message_fifo/dout_data_reg[15]_i_33/CO[3]
                         net (fo=1, unplaced)         0.000     5.921    u_tx_message_fifo/dout_data_reg[15]_i_33_n_0
                         CARRY4 (Prop_carry4_CI_CO[3])
                                                      0.053     5.974 r  u_tx_message_fifo/dout_data_reg[15]_i_35/CO[3]
                         net (fo=1, unplaced)         0.000     5.974    u_tx_message_fifo/dout_data_reg[15]_i_35_n_0
                         CARRY4 (Prop_carry4_CI_CO[3])
                                                      0.053     6.027 r  u_tx_message_fifo/dout_data_reg[11]_i_17/CO[3]
                         net (fo=1, unplaced)         0.000     6.027    u_tx_message_fifo/dout_data_reg[11]_i_17_n_0
                         CARRY4 (Prop_carry4_CI_CO[3])
                                                      0.053     6.080 r  u_tx_message_fifo/dout_data_reg[15]_i_32/CO[3]
                         net (fo=1, unplaced)         0.000     6.080    u_tx_message_fifo/dout_data_reg[15]_i_32_n_0
                         CARRY4 (Prop_carry4_CI_CO[0])
                                                      0.152     6.232 r  u_tx_message_fifo/dout_data_reg[15]_i_45/CO[0]
                         net (fo=1, unplaced)         0.191     6.423    u_tx_message_fifo_n_117
                         LUT2 (Prop_lut2_I1_O)        0.128     6.551 r  dout_data[15]_i_34/O
                         net (fo=1, unplaced)         0.000     6.551    dout_data[15]_i_34_n_0
                         CARRY4 (Prop_carry4_S[0]_CO[3])
                                                      0.259     6.810 r  dout_data_reg[15]_i_19/CO[3]
                         net (fo=1, unplaced)         0.000     6.810    dout_data_reg[15]_i_19_n_0
                         CARRY4 (Prop_carry4_CI_O[3])
                                                      0.155     6.965 r  dout_data_reg[15]_i_20/O[3]
                         net (fo=2, unplaced)         0.457     7.422    w_udp_sum_f2[7]
                         LUT4 (Prop_lut4_I0_O)        0.120     7.542 r  dout_data[15]_i_11/O
                         net (fo=2, unplaced)         0.418     7.960    dout_data[15]_i_11_n_0
                         LUT5 (Prop_lut5_I4_O)        0.043     8.003 r  dout_data[15]_i_3/O
                         net (fo=15, unplaced)        0.323     8.326    u_tx_data_fifo/dout_data_reg[15]
                         LUT6 (Prop_lut6_I1_O)        0.043     8.369 r  u_tx_data_fifo/dout_data[8]_i_1/O
                         net (fo=1, unplaced)         0.000     8.369    p_0_out[8]
                         FDCE                                         r  dout_data_reg[8]/D
  -------------------------------------------------------------------    -------------------

                         (clock clk rise edge)       10.000    10.000 r  
                                                      0.000    10.000 r  clk (IN)
                         net (fo=181, unset)          0.510    10.510    clk
                         FDCE                                         r  dout_data_reg[8]/C
                         clock pessimism              0.000    10.510    
                         clock uncertainty           -0.535     9.975    
                         FDCE (Setup_fdce_C_D)        0.036    10.011    dout_data_reg[8]
  -------------------------------------------------------------------
                         required time                         10.011    
                         arrival time                          -8.369    
  -------------------------------------------------------------------
                         slack                                  1.642    




