Vivado Simulator 2020.2
Copyright 1986-1999, 2001-2020 Xilinx, Inc. All Rights Reserved.
Running: D:/software/vivado/Vivado/2020.2/bin/unwrapped/win64.o/xelab.exe -L unisims_ver work.tb_compare work.glbl -s tb_r4b 
Multi-threading is on. Using 10 slave threads.
Starting static elaboration
Pass Through NonSizing Optimizer
WARNING: [VRFC 10-3645] port 'full' remains unconnected for this instance [D:/coding/verilog/xc7k70t/project_ethernet/sim_verify/ethernet_tx_pack_v4.v:179]
WARNING: [VRFC 10-3645] port 'full' remains unconnected for this instance [D:/coding/verilog/xc7k70t/project_ethernet/sim_verify/ethernet_tx_pack_v4.v:194]
WARNING: [VRFC 10-3645] port 'full' remains unconnected for this instance [D:/coding/verilog/xc7k70t/project_ethernet/sim_verify/ethernet_tx_pack_ref.v:153]
WARNING: [VRFC 10-3645] port 'full' remains unconnected for this instance [D:/coding/verilog/xc7k70t/project_ethernet/sim_verify/ethernet_tx_pack_ref.v:173]
Completed static elaboration
Starting simulation data flow analysis
Completed simulation data flow analysis
Time Resolution for simulation is 1ps
Compiling module unisims_ver.GND
Compiling module unisims_ver.LUT5
Compiling module unisims_ver.FDSE_default
Compiling module unisims_ver.LUT4
Compiling module unisims_ver.x_lut3_mux8
Compiling module unisims_ver.LUT3
Compiling module unisims_ver.FDRE_default
Compiling module unisims_ver.CARRY4
Compiling module unisims_ver.LUT6
Compiling module unisims_ver.x_lut1_mux2
Compiling module unisims_ver.LUT1
Compiling module unisims_ver.x_lut2_mux4
Compiling module unisims_ver.LUT2
Compiling module unisims_ver.MUXF8
Compiling module unisims_ver.MUXF7
Compiling module unisims_ver.RB36_INTERNAL_VLOG(READ_WIDTH_A=...
Compiling module unisims_ver.RAMB36E1(READ_WIDTH_A=9,READ_WID...
Compiling module unisims_ver.RB36_INTERNAL_VLOG(RAM_EXTENSION...
Compiling module unisims_ver.RAMB36E1(RAM_EXTENSION_A="LOWER"...
Compiling module unisims_ver.RB36_INTERNAL_VLOG(RAM_EXTENSION...
Compiling module unisims_ver.RAMB36E1(RAM_EXTENSION_A="UPPER"...
Compiling module work.fifo_19x65536_fwft_sync
Compiling module unisims_ver.RB18_INTERNAL_VLOG(RAM_MODE="SDP...
Compiling module unisims_ver.RAMB18E1(RAM_MODE="SDP",READ_WID...
Compiling module work.fifo_32x128_fwft_sync
Compiling module work.ethernet_tx_pack
Compiling module work.ethernet_tx_pack_ref
Compiling module work.tb_compare
Compiling module work.glbl
Built simulation snapshot tb_r4b
