#-----------------------------------------------------------
# xsim v2020.2 (64-bit)
# SW Build 3064766 on Wed Nov 18 09:12:45 MST 2020
# IP Build 3064653 on Wed Nov 18 14:17:31 MST 2020
# Start of session at: Wed Oct  7 21:44:48 2026
# Process ID: 5244
# Current directory: D:/coding/verilog/xc7k70t/project_ethernet/sim_verify
# Command line: xsim.exe -mode tcl -source {xsim.dir/tb_r3/xsim_script.tcl}
# Log file: D:/coding/verilog/xc7k70t/project_ethernet/sim_verify/xsim.log
# Journal file: D:/coding/verilog/xc7k70t/project_ethernet/sim_verify\xsim.jou
#-----------------------------------------------------------
source xsim.dir/tb_r3/xsim_script.tcl
# xsim {tb_r3} -autoloadwcfg -runall
Vivado Simulator 2020.2
Time resolution is 1 ps
run -all
==== CASE1 doc example ====
ORIG P0 W0 0102 s1 e0 m0
REF  P0 W0 0102 s1 e0 m0
ORIG P0 W1 0304 s0 e0 m0
REF  P0 W1 0304 s0 e0 m0
ORIG P0 W2 0506 s0 e0 m0
REF  P0 W2 0506 s0 e0 m0
ORIG P0 W3 2c02 s0 e0 m0
REF  P0 W3 2c02 s0 e0 m0
ORIG P0 W4 0304 s0 e0 m0
REF  P0 W4 0304 s0 e0 m0
ORIG P0 W5 0507 s0 e0 m0
REF  P0 W5 0507 s0 e0 m0
ORIG P0 W6 0800 s0 e0 m0
REF  P0 W6 0800 s0 e0 m0
ORIG P0 W7 4500 s0 e0 m0
REF  P0 W7 4500 s0 e0 m0
ORIG P0 W8 001a s0 e0 m0
REF  P0 W8 0022 s0 e0 m0
ORIG P0 W9 0000 s0 e0 m0
REF  P0 W9 0000 s0 e0 m0
ORIG P0 W10 0000 s0 e0 m0
REF  P0 W10 0000 s0 e0 m0
ORIG P0 W11 ff11 s0 e0 m0
REF  P0 W11 ff11 s0 e0 m0
ORIG P0 W12 386f s0 e0 m0
REF  P0 W12 3867 s0 e0 m0
ORIG P0 W13 c0a8 s0 e0 m0
REF  P0 W13 c0a8 s0 e0 m0
ORIG P0 W14 010a s0 e0 m0
REF  P0 W14 010a s0 e0 m0
ORIG P0 W15 c0a8 s0 e0 m0
REF  P0 W15 c0a8 s0 e0 m0
ORIG P0 W16 0109 s0 e0 m0
REF  P0 W16 0109 s0 e0 m0
DBG t=395000 st=3 rd=0 dout=4000a emp=0 mrd=0 mdl=0
ORIG P0 W17 1388 s0 e0 m0
REF  P0 W17 1388 s0 e0 m0
DBG t=405000 st=3 rd=0 dout=4000a emp=0 mrd=0 mdl=0
ORIG P0 W18 0bb8 s0 e0 m0
REF  P0 W18 0bb8 s0 e0 m0
DBG t=415000 st=3 rd=0 dout=4000a emp=0 mrd=0 mdl=0
ORIG P0 W19 000e s0 e0 m0
REF  P0 W19 000e s0 e0 m0
DBG t=425000 st=3 rd=0 dout=4000a emp=0 mrd=0 mdl=0
ORIG P0 W20 5d0f s0 e0 m0
REF  P0 W20 5d0f s0 e0 m0
DBG t=435000 st=4 rd=1 dout=4000a emp=0 mrd=0 mdl=0
ORIG P0 W21 000a s0 e0 m0
REF  P0 W21 000a s0 e0 m0
DBG t=445000 st=4 rd=1 dout=00001 emp=0 mrd=0 mdl=0
ORIG P0 W22 0001 s0 e0 m0
REF  P0 W22 0001 s0 e0 m0
DBG t=455000 st=4 rd=1 dout=20014 emp=0 mrd=1 mdl=1
ORIG P0 W23 0014 s0 e1 m0
ORIG P0 END n=24
REF  P0 W23 0014 s0 e1 m0
REF  P0 END n=24
==== CASE2 mty=1 ====
ORIG P1 W0 0102 s1 e0 m0
REF  P1 W0 0102 s1 e0 m0
ORIG P1 W1 0304 s0 e0 m0
REF  P1 W1 0304 s0 e0 m0
ORIG P1 W2 0506 s0 e0 m0
REF  P1 W2 0506 s0 e0 m0
ORIG P1 W3 2c02 s0 e0 m0
REF  P1 W3 2c02 s0 e0 m0
ORIG P1 W4 0304 s0 e0 m0
REF  P1 W4 0304 s0 e0 m0
ORIG P1 W5 0507 s0 e0 m0
REF  P1 W5 0507 s0 e0 m0
ORIG P1 W6 0800 s0 e0 m0
REF  P1 W6 0800 s0 e0 m0
ORIG P1 W7 4500 s0 e0 m0
REF  P1 W7 4500 s0 e0 m0
ORIG P1 W8 0017 s0 e0 m0
REF  P1 W8 001f s0 e0 m0
ORIG P1 W9 0001 s0 e0 m0
REF  P1 W9 0001 s0 e0 m0
ORIG P1 W10 0000 s0 e0 m0
REF  P1 W10 0000 s0 e0 m0
ORIG P1 W11 ff11 s0 e0 m0
REF  P1 W11 ff11 s0 e0 m0
ORIG P1 W12 3871 s0 e0 m0
REF  P1 W12 3869 s0 e0 m0
ORIG P1 W13 c0a8 s0 e0 m0
REF  P1 W13 c0a8 s0 e0 m0
ORIG P1 W14 010a s0 e0 m0
REF  P1 W14 010a s0 e0 m0
ORIG P1 W15 c0a8 s0 e0 m0
REF  P1 W15 c0a8 s0 e0 m0
ORIG P1 W16 0109 s0 e0 m0
REF  P1 W16 0109 s0 e0 m0
ORIG P1 W17 1388 s0 e0 m0
REF  P1 W17 1388 s0 e0 m0
ORIG P1 W18 0bb8 s0 e0 m0
REF  P1 W18 0bb8 s0 e0 m0
ORIG P1 W19 000b s0 e0 m0
REF  P1 W19 000b s0 e0 m0
ORIG P1 W20 3b23 s0 e0 m0
REF  P1 W20 3b23 s0 e0 m0
ORIG P1 W21 0011 s0 e0 m0
REF  P1 W21 0011 s0 e0 m0
ORIG P1 W22 2200 s0 e1 m1
ORIG P1 END n=23
REF  P1 W22 2200 s0 e1 m1
REF  P1 END n=23
==== CASE3 back-to-back ====
ORIG P2 W0 0102 s1 e0 m0
REF  P2 W0 0102 s1 e0 m0
ORIG P2 W1 0304 s0 e0 m0
REF  P2 W1 0304 s0 e0 m0
ORIG P2 W2 0506 s0 e0 m0
REF  P2 W2 0506 s0 e0 m0
ORIG P2 W3 2c02 s0 e0 m0
REF  P2 W3 2c02 s0 e0 m0
ORIG P2 W4 0304 s0 e0 m0
REF  P2 W4 0304 s0 e0 m0
ORIG P2 W5 0507 s0 e0 m0
REF  P2 W5 0507 s0 e0 m0
ORIG P2 W6 0800 s0 e0 m0
REF  P2 W6 0800 s0 e0 m0
ORIG P2 W7 4500 s0 e0 m0
REF  P2 W7 4500 s0 e0 m0
ORIG P2 W8 0016 s0 e0 m0
REF  P2 W8 001e s0 e0 m0
ORIG P2 W9 0002 s0 e0 m0
REF  P2 W9 0002 s0 e0 m0
ORIG P2 W10 0000 s0 e0 m0
REF  P2 W10 0000 s0 e0 m0
ORIG P2 W11 ff11 s0 e0 m0
REF  P2 W11 ff11 s0 e0 m0
ORIG P2 W12 3871 s0 e0 m0
REF  P2 W12 3869 s0 e0 m0
ORIG P2 W13 c0a8 s0 e0 m0
REF  P2 W13 c0a8 s0 e0 m0
ORIG P2 W14 010a s0 e0 m0
REF  P2 W14 010a s0 e0 m0
ORIG P2 W15 c0a8 s0 e0 m0
REF  P2 W15 c0a8 s0 e0 m0
ORIG P2 W16 0109 s0 e0 m0
REF  P2 W16 0109 s0 e0 m0
ORIG P2 W17 1388 s0 e0 m0
REF  P2 W17 1388 s0 e0 m0
ORIG P2 W18 0bb8 s0 e0 m0
REF  P2 W18 0bb8 s0 e0 m0
ORIG P2 W19 000a s0 e0 m0
REF  P2 W19 000a s0 e0 m0
ORIG P2 W20 b28b s0 e0 m0
REF  P2 W20 b28b s0 e0 m0
ORIG P2 W21 aaaa s0 e1 m0
ORIG P2 END n=22
REF  P2 W21 aaaa s0 e1 m0
REF  P2 END n=22
ORIG P3 W0 0102 s1 e0 m0
REF  P3 W0 0102 s1 e0 m0
ORIG P3 W1 0304 s0 e0 m0
REF  P3 W1 0304 s0 e0 m0
ORIG P3 W2 0506 s0 e0 m0
REF  P3 W2 0506 s0 e0 m0
ORIG P3 W3 2c02 s0 e0 m0
REF  P3 W3 2c02 s0 e0 m0
ORIG P3 W4 0304 s0 e0 m0
REF  P3 W4 0304 s0 e0 m0
ORIG P3 W5 0507 s0 e0 m0
REF  P3 W5 0507 s0 e0 m0
ORIG P3 W6 0800 s0 e0 m0
REF  P3 W6 0800 s0 e0 m0
ORIG P3 W7 4500 s0 e0 m0
REF  P3 W7 4500 s0 e0 m0
ORIG P3 W8 0016 s0 e0 m0
REF  P3 W8 001e s0 e0 m0
ORIG P3 W9 0003 s0 e0 m0
REF  P3 W9 0003 s0 e0 m0
ORIG P3 W10 0000 s0 e0 m0
REF  P3 W10 0000 s0 e0 m0
ORIG P3 W11 ff11 s0 e0 m0
REF  P3 W11 ff11 s0 e0 m0
ORIG P3 W12 3870 s0 e0 m0
REF  P3 W12 3868 s0 e0 m0
ORIG P3 W13 c0a8 s0 e0 m0
REF  P3 W13 c0a8 s0 e0 m0
ORIG P3 W14 010a s0 e0 m0
REF  P3 W14 010a s0 e0 m0
ORIG P3 W15 c0a8 s0 e0 m0
REF  P3 W15 c0a8 s0 e0 m0
ORIG P3 W16 0109 s0 e0 m0
REF  P3 W16 0109 s0 e0 m0
ORIG P3 W17 1388 s0 e0 m0
REF  P3 W17 1388 s0 e0 m0
ORIG P3 W18 0bb8 s0 e0 m0
REF  P3 W18 0bb8 s0 e0 m0
ORIG P3 W19 000a s0 e0 m0
REF  P3 W19 000a s0 e0 m0
ORIG P3 W20 a17a s0 e0 m0
REF  P3 W20 a17a s0 e0 m0
ORIG P3 W21 bbbb s0 e1 m0
ORIG P3 END n=22
REF  P3 W21 bbbb s0 e1 m0
REF  P3 END n=22
==== CASE4 long packet ====
ORIG P4 W0 0102 s1 e0 m0
REF  P4 W0 0102 s1 e0 m0
ORIG P4 W1 0304 s0 e0 m0
REF  P4 W1 0304 s0 e0 m0
ORIG P4 W2 0506 s0 e0 m0
REF  P4 W2 0506 s0 e0 m0
ORIG P4 W3 2c02 s0 e0 m0
REF  P4 W3 2c02 s0 e0 m0
ORIG P4 W4 0304 s0 e0 m0
REF  P4 W4 0304 s0 e0 m0
ORIG P4 W5 0507 s0 e0 m0
REF  P4 W5 0507 s0 e0 m0
ORIG P4 W6 0800 s0 e0 m0
REF  P4 W6 0800 s0 e0 m0
ORIG P4 W7 4500 s0 e0 m0
REF  P4 W7 4500 s0 e0 m0
ORIG P4 W8 0094 s0 e0 m0
REF  P4 W8 009c s0 e0 m0
ORIG P4 W9 0004 s0 e0 m0
REF  P4 W9 0004 s0 e0 m0
ORIG P4 W10 0000 s0 e0 m0
REF  P4 W10 0000 s0 e0 m0
ORIG P4 W11 ff11 s0 e0 m0
REF  P4 W11 ff11 s0 e0 m0
ORIG P4 W12 37f1 s0 e0 m0
REF  P4 W12 37e9 s0 e0 m0
ORIG P4 W13 c0a8 s0 e0 m0
REF  P4 W13 c0a8 s0 e0 m0
ORIG P4 W14 010a s0 e0 m0
REF  P4 W14 010a s0 e0 m0
ORIG P4 W15 c0a8 s0 e0 m0
REF  P4 W15 c0a8 s0 e0 m0
ORIG P4 W16 0109 s0 e0 m0
REF  P4 W16 0109 s0 e0 m0
ORIG P4 W17 1388 s0 e0 m0
REF  P4 W17 1388 s0 e0 m0
ORIG P4 W18 0bb8 s0 e0 m0
REF  P4 W18 0bb8 s0 e0 m0
ORIG P4 W19 0088 s0 e0 m0
REF  P4 W19 0088 s0 e0 m0
ORIG P4 W20 141a s0 e0 m0
REF  P4 W20 141a s0 e0 m0
ORIG P4 W21 0101 s0 e0 m0
REF  P4 W21 0101 s0 e0 m0
ORIG P4 W22 0102 s0 e0 m0
REF  P4 W22 0102 s0 e0 m0
ORIG P4 W23 0103 s0 e0 m0
REF  P4 W23 0103 s0 e0 m0
ORIG P4 W24 0104 s0 e0 m0
REF  P4 W24 0104 s0 e0 m0
ORIG P4 W25 0105 s0 e0 m0
REF  P4 W25 0105 s0 e0 m0
ORIG P4 W26 0106 s0 e0 m0
REF  P4 W26 0106 s0 e0 m0
ORIG P4 W27 0107 s0 e0 m0
REF  P4 W27 0107 s0 e0 m0
ORIG P4 W28 0108 s0 e0 m0
REF  P4 W28 0108 s0 e0 m0
ORIG P4 W29 0109 s0 e0 m0
REF  P4 W29 0109 s0 e0 m0
ORIG P4 W30 010a s0 e0 m0
REF  P4 W30 010a s0 e0 m0
ORIG P4 W31 010b s0 e0 m0
REF  P4 W31 010b s0 e0 m0
ORIG P4 W32 010c s0 e0 m0
REF  P4 W32 010c s0 e0 m0
ORIG P4 W33 010d s0 e0 m0
REF  P4 W33 010d s0 e0 m0
ORIG P4 W34 010e s0 e0 m0
REF  P4 W34 010e s0 e0 m0
ORIG P4 W35 010f s0 e0 m0
REF  P4 W35 010f s0 e0 m0
ORIG P4 W36 0110 s0 e0 m0
REF  P4 W36 0110 s0 e0 m0
ORIG P4 W37 0111 s0 e0 m0
REF  P4 W37 0111 s0 e0 m0
ORIG P4 W38 0112 s0 e0 m0
REF  P4 W38 0112 s0 e0 m0
ORIG P4 W39 0113 s0 e0 m0
REF  P4 W39 0113 s0 e0 m0
ORIG P4 W40 0114 s0 e0 m0
REF  P4 W40 0114 s0 e0 m0
ORIG P4 W41 0115 s0 e0 m0
REF  P4 W41 0115 s0 e0 m0
ORIG P4 W42 0116 s0 e0 m0
REF  P4 W42 0116 s0 e0 m0
ORIG P4 W43 0117 s0 e0 m0
REF  P4 W43 0117 s0 e0 m0
ORIG P4 W44 0118 s0 e0 m0
REF  P4 W44 0118 s0 e0 m0
ORIG P4 W45 0119 s0 e0 m0
REF  P4 W45 0119 s0 e0 m0
ORIG P4 W46 011a s0 e0 m0
REF  P4 W46 011a s0 e0 m0
ORIG P4 W47 011b s0 e0 m0
REF  P4 W47 011b s0 e0 m0
ORIG P4 W48 011c s0 e0 m0
REF  P4 W48 011c s0 e0 m0
ORIG P4 W49 011d s0 e0 m0
REF  P4 W49 011d s0 e0 m0
ORIG P4 W50 011e s0 e0 m0
REF  P4 W50 011e s0 e0 m0
ORIG P4 W51 011f s0 e0 m0
REF  P4 W51 011f s0 e0 m0
ORIG P4 W52 0120 s0 e0 m0
REF  P4 W52 0120 s0 e0 m0
ORIG P4 W53 0121 s0 e0 m0
REF  P4 W53 0121 s0 e0 m0
ORIG P4 W54 0122 s0 e0 m0
REF  P4 W54 0122 s0 e0 m0
ORIG P4 W55 0123 s0 e0 m0
REF  P4 W55 0123 s0 e0 m0
ORIG P4 W56 0124 s0 e0 m0
REF  P4 W56 0124 s0 e0 m0
ORIG P4 W57 0125 s0 e0 m0
REF  P4 W57 0125 s0 e0 m0
ORIG P4 W58 0126 s0 e0 m0
REF  P4 W58 0126 s0 e0 m0
ORIG P4 W59 0127 s0 e0 m0
REF  P4 W59 0127 s0 e0 m0
ORIG P4 W60 0128 s0 e0 m0
REF  P4 W60 0128 s0 e0 m0
ORIG P4 W61 0129 s0 e0 m0
REF  P4 W61 0129 s0 e0 m0
ORIG P4 W62 012a s0 e0 m0
REF  P4 W62 012a s0 e0 m0
ORIG P4 W63 012b s0 e0 m0
REF  P4 W63 012b s0 e0 m0
ORIG P4 W64 012c s0 e0 m0
REF  P4 W64 012c s0 e0 m0
ORIG P4 W65 012d s0 e0 m0
REF  P4 W65 012d s0 e0 m0
ORIG P4 W66 012e s0 e0 m0
REF  P4 W66 012e s0 e0 m0
ORIG P4 W67 012f s0 e0 m0
REF  P4 W67 012f s0 e0 m0
ORIG P4 W68 0130 s0 e0 m0
REF  P4 W68 0130 s0 e0 m0
ORIG P4 W69 0131 s0 e0 m0
REF  P4 W69 0131 s0 e0 m0
ORIG P4 W70 0132 s0 e0 m0
REF  P4 W70 0132 s0 e0 m0
ORIG P4 W71 0133 s0 e0 m0
REF  P4 W71 0133 s0 e0 m0
ORIG P4 W72 0134 s0 e0 m0
REF  P4 W72 0134 s0 e0 m0
ORIG P4 W73 0135 s0 e0 m0
REF  P4 W73 0135 s0 e0 m0
ORIG P4 W74 0136 s0 e0 m0
REF  P4 W74 0136 s0 e0 m0
ORIG P4 W75 0137 s0 e0 m0
REF  P4 W75 0137 s0 e0 m0
ORIG P4 W76 0138 s0 e0 m0
REF  P4 W76 0138 s0 e0 m0
ORIG P4 W77 0139 s0 e0 m0
REF  P4 W77 0139 s0 e0 m0
ORIG P4 W78 013a s0 e0 m0
REF  P4 W78 013a s0 e0 m0
ORIG P4 W79 013b s0 e0 m0
REF  P4 W79 013b s0 e0 m0
ORIG P4 W80 013c s0 e0 m0
REF  P4 W80 013c s0 e0 m0
ORIG P4 W81 013d s0 e0 m0
REF  P4 W81 013d s0 e0 m0
ORIG P4 W82 013e s0 e0 m0
REF  P4 W82 013e s0 e0 m0
ORIG P4 W83 013f s0 e0 m0
REF  P4 W83 013f s0 e0 m0
ORIG P4 W84 0140 s0 e1 m0
ORIG P4 END n=85
REF  P4 W84 0140 s0 e1 m0
REF  P4 END n=85
==== SIM DONE ====
$finish called at time : 4700 ns : File "D:/coding/verilog/xc7k70t/project_ethernet/sim_verify/tb_compare.v" Line 175
exit
INFO: [Common 17-206] Exiting xsim at Wed Oct  7 21:44:53 2026...
