INFO: [VRFC 10-2263] Analyzing Verilog file "D:/coding/verilog/xc7k70t/project_ethernet/sim_verify/glbl.v" into library work
INFO: [VRFC 10-311] analyzing module glbl
INFO: [VRFC 10-2263] Analyzing Verilog file "D:/coding/verilog/xc7k70t/project_ethernet/sim_verify/tb_ethernet_tx_pack.v" into library work
INFO: [VRFC 10-311] analyzing module tb_ethernet_tx_pack
INFO: [VRFC 10-2263] Analyzing Verilog file "D:/coding/verilog/xc7k70t/project_ethernet/project_ethernet.srcs/sources_1/new/ethernet_tx_pack.v" into library work
INFO: [VRFC 10-311] analyzing module ethernet_tx_pack
INFO: [VRFC 10-2263] Analyzing Verilog file "D:/coding/verilog/xc7k70t/project_ethernet/project_ethernet.gen/sources_1/ip/fifo_19x65536_fwft_sync/fifo_19x65536_fwft_sync_sim_netlist.v" into library work
INFO: [VRFC 10-311] analyzing module fifo_19x65536_fwft_sync
INFO: [VRFC 10-311] analyzing module fifo_19x65536_fwft_sync_blk_mem_gen_generic_cstr
INFO: [VRFC 10-311] analyzing module fifo_19x65536_fwft_sync_blk_mem_gen_mux__parameterized0
INFO: [VRFC 10-311] analyzing module fifo_19x65536_fwft_sync_blk_mem_gen_prim_width
INFO: [VRFC 10-311] analyzing module fifo_19x65536_fwft_sync_blk_mem_gen_prim_width__parameterized0
INFO: [VRFC 10-311] analyzing module fifo_19x65536_fwft_sync_blk_mem_gen_prim_width__parameterized1
INFO: [VRFC 10-311] analyzing module fifo_19x65536_fwft_sync_blk_mem_gen_prim_width__parameterized10
INFO: [VRFC 10-311] analyzing module fifo_19x65536_fwft_sync_blk_mem_gen_prim_width__parameterized11
INFO: [VRFC 10-311] analyzing module fifo_19x65536_fwft_sync_blk_mem_gen_prim_width__parameterized12
INFO: [VRFC 10-311] analyzing module fifo_19x65536_fwft_sync_blk_mem_gen_prim_width__parameterized13
INFO: [VRFC 10-311] analyzing module fifo_19x65536_fwft_sync_blk_mem_gen_prim_width__parameterized14
INFO: [VRFC 10-311] analyzing module fifo_19x65536_fwft_sync_blk_mem_gen_prim_width__parameterized15
INFO: [VRFC 10-311] analyzing module fifo_19x65536_fwft_sync_blk_mem_gen_prim_width__parameterized16
INFO: [VRFC 10-311] analyzing module fifo_19x65536_fwft_sync_blk_mem_gen_prim_width__parameterized17
INFO: [VRFC 10-311] analyzing module fifo_19x65536_fwft_sync_blk_mem_gen_prim_width__parameterized18
INFO: [VRFC 10-311] analyzing module fifo_19x65536_fwft_sync_blk_mem_gen_prim_width__parameterized19
INFO: [VRFC 10-311] analyzing module fifo_19x65536_fwft_sync_blk_mem_gen_prim_width__parameterized2
INFO: [VRFC 10-311] analyzing module fifo_19x65536_fwft_sync_blk_mem_gen_prim_width__parameterized20
INFO: [VRFC 10-311] analyzing module fifo_19x65536_fwft_sync_blk_mem_gen_prim_width__parameterized21
INFO: [VRFC 10-311] analyzing module fifo_19x65536_fwft_sync_blk_mem_gen_prim_width__parameterized22
INFO: [VRFC 10-311] analyzing module fifo_19x65536_fwft_sync_blk_mem_gen_prim_width__parameterized23
INFO: [VRFC 10-311] analyzing module fifo_19x65536_fwft_sync_blk_mem_gen_prim_width__parameterized24
INFO: [VRFC 10-311] analyzing module fifo_19x65536_fwft_sync_blk_mem_gen_prim_width__parameterized25
INFO: [VRFC 10-311] analyzing module fifo_19x65536_fwft_sync_blk_mem_gen_prim_width__parameterized26
INFO: [VRFC 10-311] analyzing module fifo_19x65536_fwft_sync_blk_mem_gen_prim_width__parameterized27
INFO: [VRFC 10-311] analyzing module fifo_19x65536_fwft_sync_blk_mem_gen_prim_width__parameterized28
INFO: [VRFC 10-311] analyzing module fifo_19x65536_fwft_sync_blk_mem_gen_prim_width__parameterized29
INFO: [VRFC 10-311] analyzing module fifo_19x65536_fwft_sync_blk_mem_gen_prim_width__parameterized3
INFO: [VRFC 10-311] analyzing module fifo_19x65536_fwft_sync_blk_mem_gen_prim_width__parameterized30
INFO: [VRFC 10-311] analyzing module fifo_19x65536_fwft_sync_blk_mem_gen_prim_width__parameterized31
INFO: [VRFC 10-311] analyzing module fifo_19x65536_fwft_sync_blk_mem_gen_prim_width__parameterized4
INFO: [VRFC 10-311] analyzing module fifo_19x65536_fwft_sync_blk_mem_gen_prim_width__parameterized5
INFO: [VRFC 10-311] analyzing module fifo_19x65536_fwft_sync_blk_mem_gen_prim_width__parameterized6
INFO: [VRFC 10-311] analyzing module fifo_19x65536_fwft_sync_blk_mem_gen_prim_width__parameterized7
INFO: [VRFC 10-311] analyzing module fifo_19x65536_fwft_sync_blk_mem_gen_prim_width__parameterized8
INFO: [VRFC 10-311] analyzing module fifo_19x65536_fwft_sync_blk_mem_gen_prim_width__parameterized9
INFO: [VRFC 10-311] analyzing module fifo_19x65536_fwft_sync_blk_mem_gen_prim_wrapper
INFO: [VRFC 10-311] analyzing module fifo_19x65536_fwft_sync_blk_mem_gen_prim_wrapper__parameterized0
INFO: [VRFC 10-311] analyzing module fifo_19x65536_fwft_sync_blk_mem_gen_prim_wrapper__parameterized1
INFO: [VRFC 10-311] analyzing module fifo_19x65536_fwft_sync_blk_mem_gen_prim_wrapper__parameterized10
INFO: [VRFC 10-311] analyzing module fifo_19x65536_fwft_sync_blk_mem_gen_prim_wrapper__parameterized11
INFO: [VRFC 10-311] analyzing module fifo_19x65536_fwft_sync_blk_mem_gen_prim_wrapper__parameterized12
INFO: [VRFC 10-311] analyzing module fifo_19x65536_fwft_sync_blk_mem_gen_prim_wrapper__parameterized13
INFO: [VRFC 10-311] analyzing module fifo_19x65536_fwft_sync_blk_mem_gen_prim_wrapper__parameterized14
INFO: [VRFC 10-311] analyzing module fifo_19x65536_fwft_sync_blk_mem_gen_prim_wrapper__parameterized15
INFO: [VRFC 10-311] analyzing module fifo_19x65536_fwft_sync_blk_mem_gen_prim_wrapper__parameterized16
INFO: [VRFC 10-311] analyzing module fifo_19x65536_fwft_sync_blk_mem_gen_prim_wrapper__parameterized17
INFO: [VRFC 10-311] analyzing module fifo_19x65536_fwft_sync_blk_mem_gen_prim_wrapper__parameterized18
INFO: [VRFC 10-311] analyzing module fifo_19x65536_fwft_sync_blk_mem_gen_prim_wrapper__parameterized19
INFO: [VRFC 10-311] analyzing module fifo_19x65536_fwft_sync_blk_mem_gen_prim_wrapper__parameterized2
INFO: [VRFC 10-311] analyzing module fifo_19x65536_fwft_sync_blk_mem_gen_prim_wrapper__parameterized20
INFO: [VRFC 10-311] analyzing module fifo_19x65536_fwft_sync_blk_mem_gen_prim_wrapper__parameterized21
INFO: [VRFC 10-311] analyzing module fifo_19x65536_fwft_sync_blk_mem_gen_prim_wrapper__parameterized22
INFO: [VRFC 10-311] analyzing module fifo_19x65536_fwft_sync_blk_mem_gen_prim_wrapper__parameterized23
INFO: [VRFC 10-311] analyzing module fifo_19x65536_fwft_sync_blk_mem_gen_prim_wrapper__parameterized24
INFO: [VRFC 10-311] analyzing module fifo_19x65536_fwft_sync_blk_mem_gen_prim_wrapper__parameterized25
INFO: [VRFC 10-311] analyzing module fifo_19x65536_fwft_sync_blk_mem_gen_prim_wrapper__parameterized26
INFO: [VRFC 10-311] analyzing module fifo_19x65536_fwft_sync_blk_mem_gen_prim_wrapper__parameterized27
INFO: [VRFC 10-311] analyzing module fifo_19x65536_fwft_sync_blk_mem_gen_prim_wrapper__parameterized28
INFO: [VRFC 10-311] analyzing module fifo_19x65536_fwft_sync_blk_mem_gen_prim_wrapper__parameterized29
INFO: [VRFC 10-311] analyzing module fifo_19x65536_fwft_sync_blk_mem_gen_prim_wrapper__parameterized3
INFO: [VRFC 10-311] analyzing module fifo_19x65536_fwft_sync_blk_mem_gen_prim_wrapper__parameterized30
INFO: [VRFC 10-311] analyzing module fifo_19x65536_fwft_sync_blk_mem_gen_prim_wrapper__parameterized31
INFO: [VRFC 10-311] analyzing module fifo_19x65536_fwft_sync_blk_mem_gen_prim_wrapper__parameterized4
INFO: [VRFC 10-311] analyzing module fifo_19x65536_fwft_sync_blk_mem_gen_prim_wrapper__parameterized5
INFO: [VRFC 10-311] analyzing module fifo_19x65536_fwft_sync_blk_mem_gen_prim_wrapper__parameterized6
INFO: [VRFC 10-311] analyzing module fifo_19x65536_fwft_sync_blk_mem_gen_prim_wrapper__parameterized7
INFO: [VRFC 10-311] analyzing module fifo_19x65536_fwft_sync_blk_mem_gen_prim_wrapper__parameterized8
INFO: [VRFC 10-311] analyzing module fifo_19x65536_fwft_sync_blk_mem_gen_prim_wrapper__parameterized9
INFO: [VRFC 10-311] analyzing module fifo_19x65536_fwft_sync_blk_mem_gen_top
INFO: [VRFC 10-311] analyzing module fifo_19x65536_fwft_sync_blk_mem_gen_v8_4_4
INFO: [VRFC 10-311] analyzing module fifo_19x65536_fwft_sync_blk_mem_gen_v8_4_4_synth
INFO: [VRFC 10-311] analyzing module fifo_19x65536_fwft_sync_compare
INFO: [VRFC 10-311] analyzing module fifo_19x65536_fwft_sync_compare_0
INFO: [VRFC 10-311] analyzing module fifo_19x65536_fwft_sync_compare_1
INFO: [VRFC 10-311] analyzing module fifo_19x65536_fwft_sync_compare_2
INFO: [VRFC 10-311] analyzing module fifo_19x65536_fwft_sync_fifo_generator_ramfifo
INFO: [VRFC 10-311] analyzing module fifo_19x65536_fwft_sync_fifo_generator_top
INFO: [VRFC 10-311] analyzing module fifo_19x65536_fwft_sync_fifo_generator_v13_2_5
INFO: [VRFC 10-311] analyzing module fifo_19x65536_fwft_sync_fifo_generator_v13_2_5_synth
INFO: [VRFC 10-311] analyzing module fifo_19x65536_fwft_sync_memory
INFO: [VRFC 10-311] analyzing module fifo_19x65536_fwft_sync_rd_bin_cntr
INFO: [VRFC 10-311] analyzing module fifo_19x65536_fwft_sync_rd_fwft
INFO: [VRFC 10-311] analyzing module fifo_19x65536_fwft_sync_rd_logic
INFO: [VRFC 10-311] analyzing module fifo_19x65536_fwft_sync_rd_status_flags_ss
INFO: [VRFC 10-311] analyzing module fifo_19x65536_fwft_sync_reset_blk_ramfifo
INFO: [VRFC 10-311] analyzing module fifo_19x65536_fwft_sync_wr_bin_cntr
INFO: [VRFC 10-311] analyzing module fifo_19x65536_fwft_sync_wr_logic
INFO: [VRFC 10-311] analyzing module fifo_19x65536_fwft_sync_wr_status_flags_ss
INFO: [VRFC 10-2263] Analyzing Verilog file "D:/coding/verilog/xc7k70t/project_ethernet/project_ethernet.gen/sources_1/ip/fifo_32x128_fwft_sync/fifo_32x128_fwft_sync_sim_netlist.v" into library work
INFO: [VRFC 10-311] analyzing module fifo_32x128_fwft_sync
INFO: [VRFC 10-311] analyzing module fifo_32x128_fwft_sync_blk_mem_gen_generic_cstr
INFO: [VRFC 10-311] analyzing module fifo_32x128_fwft_sync_blk_mem_gen_prim_width
INFO: [VRFC 10-311] analyzing module fifo_32x128_fwft_sync_blk_mem_gen_prim_wrapper
INFO: [VRFC 10-311] analyzing module fifo_32x128_fwft_sync_blk_mem_gen_top
INFO: [VRFC 10-311] analyzing module fifo_32x128_fwft_sync_blk_mem_gen_v8_4_4
INFO: [VRFC 10-311] analyzing module fifo_32x128_fwft_sync_blk_mem_gen_v8_4_4_synth
INFO: [VRFC 10-311] analyzing module fifo_32x128_fwft_sync_fifo_generator_ramfifo
INFO: [VRFC 10-311] analyzing module fifo_32x128_fwft_sync_fifo_generator_top
INFO: [VRFC 10-311] analyzing module fifo_32x128_fwft_sync_fifo_generator_v13_2_5
INFO: [VRFC 10-311] analyzing module fifo_32x128_fwft_sync_fifo_generator_v13_2_5_synth
INFO: [VRFC 10-311] analyzing module fifo_32x128_fwft_sync_memory
INFO: [VRFC 10-311] analyzing module fifo_32x128_fwft_sync_rd_bin_cntr
INFO: [VRFC 10-311] analyzing module fifo_32x128_fwft_sync_rd_fwft
INFO: [VRFC 10-311] analyzing module fifo_32x128_fwft_sync_rd_logic
INFO: [VRFC 10-311] analyzing module fifo_32x128_fwft_sync_rd_status_flags_ss
INFO: [VRFC 10-311] analyzing module fifo_32x128_fwft_sync_reset_blk_ramfifo
INFO: [VRFC 10-311] analyzing module fifo_32x128_fwft_sync_wr_bin_cntr
INFO: [VRFC 10-311] analyzing module fifo_32x128_fwft_sync_wr_logic
INFO: [VRFC 10-311] analyzing module fifo_32x128_fwft_sync_wr_status_flags_ss
